******************************************************************************
               TMS320C6x Linker PC v7.3.4                      
******************************************************************************
>> Linked Wed Dec 04 11:21:08 2013

OUTPUT FILE NAME:   <led.out>
ENTRY POINT SYMBOL: "_c_int00"  address: 80000a40


MEMORY CONFIGURATION

         name            origin    length      used     unused   attr    fill
----------------------  --------  ---------  --------  --------  ----  --------
  DSPL2ROM              00700000   00100000  00000000  00100000  RWIX
  DSPL2RAM              00800000   00040000  00000000  00040000  RWIX
  DSPL1PRAM             00e00000   00008000  00000000  00008000  RWIX
  DSPL1DRAM             00f00000   00008000  00000000  00008000  RWIX
  SHDSPL2ROM            11700000   00100000  00000000  00100000  RWIX
  SHDSPL2RAM            11800000   00040000  00000000  00040000  RWIX
  SHDSPL1PRAM           11e00000   00008000  00000000  00008000  RWIX
  SHDSPL1DRAM           11f00000   00008000  00000000  00008000  RWIX
  EMIFACS0              40000000   20000000  00000000  20000000  RWIX
  EMIFACS2              60000000   02000000  00000000  02000000  RWIX
  EMIFACS3              62000000   02000000  00000000  02000000  RWIX
  EMIFACS4              64000000   02000000  00000000  02000000  RWIX
  EMIFACS5              66000000   02000000  00000000  02000000  RWIX
  SHRAM                 80000000   00020000  000013c8  0001ec38  RWIX
  DDR2                  c0000000   20000000  00000000  20000000  RWIX


SEGMENT ALLOCATION MAP

run origin  load origin   length   init length attrs members
----------  ----------- ---------- ----------- ----- -------
80000000    80000000    00000b80   00000b80    r-x
  80000000    80000000    00000b80   00000b80    r-x .text
80000b80    80000b80    00000800   00000000    rw-
  80000b80    80000b80    00000800   00000000    rw- .stack
80001380    80001380    00000014   00000014    rw-
  80001380    80001380    00000014   00000014    rw- .fardata
80001394    80001394    00000034   00000034    r--
  80001394    80001394    00000010   00000010    r-- .switch
  800013a4    800013a4    00000024   00000024    r-- .cinit


SECTION ALLOCATION MAP

 output                                  attributes/
section   page    origin      length       input sections
--------  ----  ----------  ----------   ----------------
.init_array 
*          0    80000000    00000000     UNINITIALIZED

.text      0    80000000    00000b80     
                  80000000    000002c0     drivers.lib : gpio.obj (.text)
                  800002c0    00000200     main.obj (.text)
                  800004c0    00000180     rts6740_elf.lib : copy_decompress_rle.obj (.text:__TI_decompress_rle_core)
                  80000640    00000180                     : autoinit.obj (.text:_auto_init_elf)
                  800007c0    00000100                     : cpy_tbl.obj (.text:copy_in)
                  800008c0    000000e0                     : exit.obj (.text:exit)
                  800009a0    000000a0                     : memcpy64.obj (.text:memcpy)
                  80000a40    00000080                     : boot.obj (.text:_c_int00)
                  80000ac0    00000040                     : args_main.obj (.text:_args_main)
                  80000b00    00000020                     : _lock.obj (.text:_nop)
                  80000b20    00000020                     : exit.obj (.text:abort)
                  80000b40    00000020                     : copy_decompress_none.obj (.text:decompress:none:__TI_decompress_none)
                  80000b60    00000020                     : copy_decompress_rle.obj (.text:decompress:rle24:__TI_decompress_rle24)

.stack     0    80000b80    00000800     UNINITIALIZED
                  80000b80    00000008     rts6740_elf.lib : boot.obj (.stack)
                  80000b88    000007f8     --HOLE--

.fardata   0    80001380    00000014     
                  80001380    0000000c     rts6740_elf.lib : exit.obj (.fardata)
                  8000138c    00000008                     : _lock.obj (.fardata)

.switch    0    80001394    00000010     
                  80001394    00000010     drivers.lib : gpio.obj (.switch:GPIOIntTypeSet)

.cinit     0    800013a4    00000024     
                  800013a4    00000014     (.cinit..fardata.load) [load image, compression = rle]
                  800013b8    00000008     (__TI_handler_table)
                  800013c0    00000008     (__TI_cinit_table)


LINKER GENERATED COPY TABLES

__TI_cinit_table @ 800013c0 records: 1, size/record: 8, table size: 8
	.fardata: load addr=800013a4, load size=00000014 bytes, run addr=80001380, run size=00000014 bytes, compression=rle


LINKER GENERATED HANDLER TABLE

__TI_handler_table @ 800013b8 records: 2, size/record: 4, table size: 8
	index: 0, handler: __TI_decompress_rle24
	index: 1, handler: __TI_decompress_none


GLOBAL SYMBOLS: SORTED ALPHABETICALLY BY Name 

address    name
--------   ----
80000b20   C$$EXIT
80000298   GPIOBankIntDisable
80000280   GPIOBankIntEnable
800003d8   GPIOBankPinInit
80000240   GPIOBankPinsWrite
80000210   GPIODirModeGet
800001b4   GPIODirModeSet
80000170   GPIOIntTypeGet
800000d4   GPIOIntTypeSet
800000b0   GPIOPinIntClear
80000080   GPIOPinIntStatus
8000004c   GPIOPinRead
80000000   GPIOPinWrite
800013c0   __TI_CINIT_Base
800013c8   __TI_CINIT_Limit
800013b8   __TI_Handler_Table_Base
800013c0   __TI_Handler_Table_Limit
80001380   __TI_STACK_END
00000800   __TI_STACK_SIZE
00000000   __TI_STATIC_BASE
00000001   __TI_args_main
80000b40   __TI_decompress_none
80000b60   __TI_decompress_rle24
80001388   __TI_enable_exit_profile_output
ffffffff   __TI_pprof_out_hndl
ffffffff   __TI_prof_data_size
ffffffff   __TI_prof_data_start
ffffffff   __binit__
ffffffff   __c_args__
80000ac0   _args_main
80000640   _auto_init_elf
80000a40   _c_int00
80001380   _cleanup_ptr
80001384   _dtors_ptr
8000138c   _lock
80000b00   _nop
80000b80   _stack
80001390   _unlock
80000b20   abort
ffffffff   binit
800007c0   copy_in
800008c0   exit
800002c0   main
800009a0   memcpy


GLOBAL SYMBOLS: SORTED BY Symbol Address 

address    name
--------   ----
00000000   __TI_STATIC_BASE
00000001   __TI_args_main
00000800   __TI_STACK_SIZE
80000000   GPIOPinWrite
8000004c   GPIOPinRead
80000080   GPIOPinIntStatus
800000b0   GPIOPinIntClear
800000d4   GPIOIntTypeSet
80000170   GPIOIntTypeGet
800001b4   GPIODirModeSet
80000210   GPIODirModeGet
80000240   GPIOBankPinsWrite
80000280   GPIOBankIntEnable
80000298   GPIOBankIntDisable
800002c0   main
800003d8   GPIOBankPinInit
80000640   _auto_init_elf
800007c0   copy_in
800008c0   exit
800009a0   memcpy
80000a40   _c_int00
80000ac0   _args_main
80000b00   _nop
80000b20   C$$EXIT
80000b20   abort
80000b40   __TI_decompress_none
80000b60   __TI_decompress_rle24
80000b80   _stack
80001380   __TI_STACK_END
80001380   _cleanup_ptr
80001384   _dtors_ptr
80001388   __TI_enable_exit_profile_output
8000138c   _lock
80001390   _unlock
800013b8   __TI_Handler_Table_Base
800013c0   __TI_CINIT_Base
800013c0   __TI_Handler_Table_Limit
800013c8   __TI_CINIT_Limit
ffffffff   __TI_pprof_out_hndl
ffffffff   __TI_prof_data_size
ffffffff   __TI_prof_data_start
ffffffff   __binit__
ffffffff   __c_args__
ffffffff   binit

[44 symbols]
