<?xml version="1.0"?>
<link_info>
   <banner>TMS320C6x Linker PC v7.4.4</banner>
   <copyright>Copyright (c) 1996-2013 Texas Instruments Incorporated</copyright>
   <link_time>0x57ad27c1</link_time>
   <output_file>button.out</output_file>
   <entry_point>
      <name>_c_int00</name>
      <address>0x800077c0</address>
   </entry_point>
   <input_file_list>
      <input_file id="fl-2">
         <path>.\</path>
         <kind>object</kind>
         <file>main.obj</file>
         <name>main.obj</name>
      </input_file>
      <input_file id="fl-8">
         <path>..\library\</path>
         <kind>archive</kind>
         <file>SystemConfig.lib</file>
         <name>interrupt.obj</name>
      </input_file>
      <input_file id="fl-9">
         <path>..\library\</path>
         <kind>archive</kind>
         <file>SystemConfig.lib</file>
         <name>intvecs.obj</name>
      </input_file>
      <input_file id="fl-a">
         <path>..\library\</path>
         <kind>archive</kind>
         <file>drivers.lib</file>
         <name>gpio.obj</name>
      </input_file>
      <input_file id="fl-82">
         <path>D:\CCS5.5.0\ccsv5\tools\compiler\c6000_7.4.4\lib\</path>
         <kind>archive</kind>
         <file>rts6740_elf.lib</file>
         <name>boot.obj</name>
      </input_file>
      <input_file id="fl-83">
         <path>D:\CCS5.5.0\ccsv5\tools\compiler\c6000_7.4.4\lib\</path>
         <kind>archive</kind>
         <file>rts6740_elf.lib</file>
         <name>copy_decompress_none.obj</name>
      </input_file>
      <input_file id="fl-84">
         <path>D:\CCS5.5.0\ccsv5\tools\compiler\c6000_7.4.4\lib\</path>
         <kind>archive</kind>
         <file>rts6740_elf.lib</file>
         <name>copy_decompress_rle.obj</name>
      </input_file>
      <input_file id="fl-85">
         <path>D:\CCS5.5.0\ccsv5\tools\compiler\c6000_7.4.4\lib\</path>
         <kind>archive</kind>
         <file>rts6740_elf.lib</file>
         <name>copy_zero_init.obj</name>
      </input_file>
      <input_file id="fl-86">
         <path>D:\CCS5.5.0\ccsv5\tools\compiler\c6000_7.4.4\lib\</path>
         <kind>archive</kind>
         <file>rts6740_elf.lib</file>
         <name>exit.obj</name>
      </input_file>
      <input_file id="fl-87">
         <path>D:\CCS5.5.0\ccsv5\tools\compiler\c6000_7.4.4\lib\</path>
         <kind>archive</kind>
         <file>rts6740_elf.lib</file>
         <name>memcpy64.obj</name>
      </input_file>
      <input_file id="fl-88">
         <path>D:\CCS5.5.0\ccsv5\tools\compiler\c6000_7.4.4\lib\</path>
         <kind>archive</kind>
         <file>rts6740_elf.lib</file>
         <name>printf.obj</name>
      </input_file>
      <input_file id="fl-89">
         <path>D:\CCS5.5.0\ccsv5\tools\compiler\c6000_7.4.4\lib\</path>
         <kind>archive</kind>
         <file>rts6740_elf.lib</file>
         <name>_lock.obj</name>
      </input_file>
      <input_file id="fl-8a">
         <path>D:\CCS5.5.0\ccsv5\tools\compiler\c6000_7.4.4\lib\</path>
         <kind>archive</kind>
         <file>rts6740_elf.lib</file>
         <name>_printfi.obj</name>
      </input_file>
      <input_file id="fl-8b">
         <path>D:\CCS5.5.0\ccsv5\tools\compiler\c6000_7.4.4\lib\</path>
         <kind>archive</kind>
         <file>rts6740_elf.lib</file>
         <name>args_main.obj</name>
      </input_file>
      <input_file id="fl-8c">
         <path>D:\CCS5.5.0\ccsv5\tools\compiler\c6000_7.4.4\lib\</path>
         <kind>archive</kind>
         <file>rts6740_elf.lib</file>
         <name>atoi.obj</name>
      </input_file>
      <input_file id="fl-8d">
         <path>D:\CCS5.5.0\ccsv5\tools\compiler\c6000_7.4.4\lib\</path>
         <kind>archive</kind>
         <file>rts6740_elf.lib</file>
         <name>autoinit.obj</name>
      </input_file>
      <input_file id="fl-8e">
         <path>D:\CCS5.5.0\ccsv5\tools\compiler\c6000_7.4.4\lib\</path>
         <kind>archive</kind>
         <file>rts6740_elf.lib</file>
         <name>cpp_init.obj</name>
      </input_file>
      <input_file id="fl-8f">
         <path>D:\CCS5.5.0\ccsv5\tools\compiler\c6000_7.4.4\lib\</path>
         <kind>archive</kind>
         <file>rts6740_elf.lib</file>
         <name>cpy_tbl.obj</name>
      </input_file>
      <input_file id="fl-90">
         <path>D:\CCS5.5.0\ccsv5\tools\compiler\c6000_7.4.4\lib\</path>
         <kind>archive</kind>
         <file>rts6740_elf.lib</file>
         <name>ctype.obj</name>
      </input_file>
      <input_file id="fl-91">
         <path>D:\CCS5.5.0\ccsv5\tools\compiler\c6000_7.4.4\lib\</path>
         <kind>archive</kind>
         <file>rts6740_elf.lib</file>
         <name>defs.obj</name>
      </input_file>
      <input_file id="fl-92">
         <path>D:\CCS5.5.0\ccsv5\tools\compiler\c6000_7.4.4\lib\</path>
         <kind>archive</kind>
         <file>rts6740_elf.lib</file>
         <name>divd.obj</name>
      </input_file>
      <input_file id="fl-93">
         <path>D:\CCS5.5.0\ccsv5\tools\compiler\c6000_7.4.4\lib\</path>
         <kind>archive</kind>
         <file>rts6740_elf.lib</file>
         <name>divu.obj</name>
      </input_file>
      <input_file id="fl-94">
         <path>D:\CCS5.5.0\ccsv5\tools\compiler\c6000_7.4.4\lib\</path>
         <kind>archive</kind>
         <file>rts6740_elf.lib</file>
         <name>fputc.obj</name>
      </input_file>
      <input_file id="fl-95">
         <path>D:\CCS5.5.0\ccsv5\tools\compiler\c6000_7.4.4\lib\</path>
         <kind>archive</kind>
         <file>rts6740_elf.lib</file>
         <name>fputs.obj</name>
      </input_file>
      <input_file id="fl-96">
         <path>D:\CCS5.5.0\ccsv5\tools\compiler\c6000_7.4.4\lib\</path>
         <kind>archive</kind>
         <file>rts6740_elf.lib</file>
         <name>frcmpyd_div.obj</name>
      </input_file>
      <input_file id="fl-97">
         <path>D:\CCS5.5.0\ccsv5\tools\compiler\c6000_7.4.4\lib\</path>
         <kind>archive</kind>
         <file>rts6740_elf.lib</file>
         <name>imath40.obj</name>
      </input_file>
      <input_file id="fl-98">
         <path>D:\CCS5.5.0\ccsv5\tools\compiler\c6000_7.4.4\lib\</path>
         <kind>archive</kind>
         <file>rts6740_elf.lib</file>
         <name>imath64.obj</name>
      </input_file>
      <input_file id="fl-99">
         <path>D:\CCS5.5.0\ccsv5\tools\compiler\c6000_7.4.4\lib\</path>
         <kind>archive</kind>
         <file>rts6740_elf.lib</file>
         <name>isinf.obj</name>
      </input_file>
      <input_file id="fl-9a">
         <path>D:\CCS5.5.0\ccsv5\tools\compiler\c6000_7.4.4\lib\</path>
         <kind>archive</kind>
         <file>rts6740_elf.lib</file>
         <name>llshift.obj</name>
      </input_file>
      <input_file id="fl-9b">
         <path>D:\CCS5.5.0\ccsv5\tools\compiler\c6000_7.4.4\lib\</path>
         <kind>archive</kind>
         <file>rts6740_elf.lib</file>
         <name>lowlev.obj</name>
      </input_file>
      <input_file id="fl-9c">
         <path>D:\CCS5.5.0\ccsv5\tools\compiler\c6000_7.4.4\lib\</path>
         <kind>archive</kind>
         <file>rts6740_elf.lib</file>
         <name>ltoa.obj</name>
      </input_file>
      <input_file id="fl-9d">
         <path>D:\CCS5.5.0\ccsv5\tools\compiler\c6000_7.4.4\lib\</path>
         <kind>archive</kind>
         <file>rts6740_elf.lib</file>
         <name>memccpy.obj</name>
      </input_file>
      <input_file id="fl-9e">
         <path>D:\CCS5.5.0\ccsv5\tools\compiler\c6000_7.4.4\lib\</path>
         <kind>archive</kind>
         <file>rts6740_elf.lib</file>
         <name>memset.obj</name>
      </input_file>
      <input_file id="fl-9f">
         <path>D:\CCS5.5.0\ccsv5\tools\compiler\c6000_7.4.4\lib\</path>
         <kind>archive</kind>
         <file>rts6740_elf.lib</file>
         <name>negll.obj</name>
      </input_file>
      <input_file id="fl-a0">
         <path>D:\CCS5.5.0\ccsv5\tools\compiler\c6000_7.4.4\lib\</path>
         <kind>archive</kind>
         <file>rts6740_elf.lib</file>
         <name>tls.obj</name>
      </input_file>
      <input_file id="fl-a1">
         <path>D:\CCS5.5.0\ccsv5\tools\compiler\c6000_7.4.4\lib\</path>
         <kind>archive</kind>
         <file>rts6740_elf.lib</file>
         <name>tls_get_tp.obj</name>
      </input_file>
      <input_file id="fl-a2">
         <path>D:\CCS5.5.0\ccsv5\tools\compiler\c6000_7.4.4\lib\</path>
         <kind>archive</kind>
         <file>rts6740_elf.lib</file>
         <name>trgdrv.obj</name>
      </input_file>
      <input_file id="fl-a3">
         <path>D:\CCS5.5.0\ccsv5\tools\compiler\c6000_7.4.4\lib\</path>
         <kind>archive</kind>
         <file>rts6740_elf.lib</file>
         <name>trgmsg.obj</name>
      </input_file>
      <input_file id="fl-a4">
         <path>D:\CCS5.5.0\ccsv5\tools\compiler\c6000_7.4.4\lib\</path>
         <kind>archive</kind>
         <file>rts6740_elf.lib</file>
         <name>_io_perm.obj</name>
      </input_file>
      <input_file id="fl-a5">
         <path>D:\CCS5.5.0\ccsv5\tools\compiler\c6000_7.4.4\lib\</path>
         <kind>archive</kind>
         <file>rts6740_elf.lib</file>
         <name>abs.obj</name>
      </input_file>
      <input_file id="fl-a6">
         <path>D:\CCS5.5.0\ccsv5\tools\compiler\c6000_7.4.4\lib\</path>
         <kind>archive</kind>
         <file>rts6740_elf.lib</file>
         <name>fflush.obj</name>
      </input_file>
      <input_file id="fl-a7">
         <path>D:\CCS5.5.0\ccsv5\tools\compiler\c6000_7.4.4\lib\</path>
         <kind>archive</kind>
         <file>rts6740_elf.lib</file>
         <name>fseek.obj</name>
      </input_file>
      <input_file id="fl-a8">
         <path>D:\CCS5.5.0\ccsv5\tools\compiler\c6000_7.4.4\lib\</path>
         <kind>archive</kind>
         <file>rts6740_elf.lib</file>
         <name>setvbuf.obj</name>
      </input_file>
      <input_file id="fl-a9">
         <path>D:\CCS5.5.0\ccsv5\tools\compiler\c6000_7.4.4\lib\</path>
         <kind>archive</kind>
         <file>rts6740_elf.lib</file>
         <name>fopen.obj</name>
      </input_file>
      <input_file id="fl-aa">
         <path>D:\CCS5.5.0\ccsv5\tools\compiler\c6000_7.4.4\lib\</path>
         <kind>archive</kind>
         <file>rts6740_elf.lib</file>
         <name>memory.obj</name>
      </input_file>
      <input_file id="fl-ab">
         <path>D:\CCS5.5.0\ccsv5\tools\compiler\c6000_7.4.4\lib\</path>
         <kind>archive</kind>
         <file>rts6740_elf.lib</file>
         <name>fclose.obj</name>
      </input_file>
      <input_file id="fl-ac">
         <path>D:\CCS5.5.0\ccsv5\tools\compiler\c6000_7.4.4\lib\</path>
         <kind>archive</kind>
         <file>rts6740_elf.lib</file>
         <name>remove.obj</name>
      </input_file>
   </input_file_list>
   <object_component_list>
      <object_component id="oc-2b">
         <name>.text:retain</name>
         <load_address>0x80000000</load_address>
         <run_address>0x80000000</run_address>
         <size>0x11a0</size>
         <input_file_ref idref="fl-8"/>
      </object_component>
      <object_component id="oc-196">
         <name>.text:_getarg_diouxp</name>
         <load_address>0x800011a0</load_address>
         <run_address>0x800011a0</run_address>
         <size>0x5c0</size>
         <input_file_ref idref="fl-8a"/>
      </object_component>
      <object_component id="oc-1ec">
         <name>.text:__c6xabi_divd</name>
         <load_address>0x80001760</load_address>
         <run_address>0x80001760</run_address>
         <size>0x5a0</size>
         <input_file_ref idref="fl-92"/>
      </object_component>
      <object_component id="oc-b3">
         <name>.text</name>
         <load_address>0x80001d00</load_address>
         <run_address>0x80001d00</run_address>
         <size>0x520</size>
         <input_file_ref idref="fl-8"/>
      </object_component>
      <object_component id="oc-f3">
         <name>.text:_printfi</name>
         <load_address>0x80002220</load_address>
         <run_address>0x80002220</run_address>
         <size>0x460</size>
         <input_file_ref idref="fl-8a"/>
      </object_component>
      <object_component id="oc-117">
         <name>.text:_setfield</name>
         <load_address>0x80002680</load_address>
         <run_address>0x80002680</run_address>
         <size>0x460</size>
         <input_file_ref idref="fl-8a"/>
      </object_component>
      <object_component id="oc-105">
         <name>.text:fputs</name>
         <load_address>0x80002ae0</load_address>
         <run_address>0x80002ae0</run_address>
         <size>0x3a0</size>
         <input_file_ref idref="fl-95"/>
      </object_component>
      <object_component id="oc-14c">
         <name>.text:_pproc_fge</name>
         <load_address>0x80002e80</load_address>
         <run_address>0x80002e80</run_address>
         <size>0x320</size>
         <input_file_ref idref="fl-8a"/>
      </object_component>
      <object_component id="oc-113">
         <name>.text:_pproc_fwp</name>
         <load_address>0x800031a0</load_address>
         <run_address>0x800031a0</run_address>
         <size>0x2e0</size>
         <input_file_ref idref="fl-8a"/>
      </object_component>
      <object_component id="oc-af">
         <name>.text</name>
         <load_address>0x80003480</load_address>
         <run_address>0x80003480</run_address>
         <size>0x2c0</size>
         <input_file_ref idref="fl-a"/>
      </object_component>
      <object_component id="oc-1d6">
         <name>.text:ecvt</name>
         <load_address>0x80003740</load_address>
         <run_address>0x80003740</run_address>
         <size>0x2a0</size>
         <input_file_ref idref="fl-8a"/>
      </object_component>
      <object_component id="oc-1e3">
         <name>.text:fcvt</name>
         <load_address>0x800039e0</load_address>
         <run_address>0x800039e0</run_address>
         <size>0x2a0</size>
         <input_file_ref idref="fl-8a"/>
      </object_component>
      <object_component id="oc-1af">
         <name>.text:free</name>
         <load_address>0x80003c80</load_address>
         <run_address>0x80003c80</run_address>
         <size>0x280</size>
         <input_file_ref idref="fl-aa"/>
      </object_component>
      <object_component id="oc-25f">
         <name>.text:__c6xabi_divull</name>
         <load_address>0x80003f00</load_address>
         <run_address>0x80003f00</run_address>
         <size>0x260</size>
         <input_file_ref idref="fl-98"/>
      </object_component>
      <object_component id="oc-191">
         <name>.text:_pconv_e</name>
         <load_address>0x80004160</load_address>
         <run_address>0x80004160</run_address>
         <size>0x260</size>
         <input_file_ref idref="fl-8a"/>
      </object_component>
      <object_component id="oc-150">
         <name>.text:_pproc_diouxp</name>
         <load_address>0x800043c0</load_address>
         <run_address>0x800043c0</run_address>
         <size>0x240</size>
         <input_file_ref idref="fl-8a"/>
      </object_component>
      <object_component id="oc-11b">
         <name>.text:_pproc_str</name>
         <load_address>0x80004600</load_address>
         <run_address>0x80004600</run_address>
         <size>0x220</size>
         <input_file_ref idref="fl-8a"/>
      </object_component>
      <object_component id="oc-10a">
         <name>.text:fputc</name>
         <load_address>0x80004820</load_address>
         <run_address>0x80004820</run_address>
         <size>0x220</size>
         <input_file_ref idref="fl-94"/>
      </object_component>
      <object_component id="oc-1de">
         <name>.text:_mcpy</name>
         <load_address>0x80004a40</load_address>
         <run_address>0x80004a40</run_address>
         <size>0x1c0</size>
         <input_file_ref idref="fl-8a"/>
      </object_component>
      <object_component id="oc-18">
         <name>.text</name>
         <load_address>0x80004c00</load_address>
         <run_address>0x80004c00</run_address>
         <size>0x200</size>
         <input_file_ref idref="fl-9"/>
      </object_component>
      <object_component id="oc-189">
         <name>.text:_pconv_g</name>
         <load_address>0x80004e00</load_address>
         <run_address>0x80004e00</run_address>
         <size>0x200</size>
         <input_file_ref idref="fl-8a"/>
      </object_component>
      <object_component id="oc-166">
         <name>.text:setvbuf</name>
         <load_address>0x80005000</load_address>
         <run_address>0x80005000</run_address>
         <size>0x200</size>
         <input_file_ref idref="fl-a8"/>
      </object_component>
      <object_component id="oc-25b">
         <name>.text:__c6xabi_divul</name>
         <load_address>0x80005200</load_address>
         <run_address>0x80005200</run_address>
         <size>0x1a0</size>
         <input_file_ref idref="fl-97"/>
      </object_component>
      <object_component id="oc-72">
         <name>.text</name>
         <load_address>0x800053a0</load_address>
         <run_address>0x800053a0</run_address>
         <size>0x1a0</size>
         <input_file_ref idref="fl-2"/>
      </object_component>
      <object_component id="oc-238">
         <name>.text:HOSTrename</name>
         <load_address>0x80005540</load_address>
         <run_address>0x80005540</run_address>
         <size>0x180</size>
         <input_file_ref idref="fl-a2"/>
      </object_component>
      <object_component id="oc-51">
         <name>.text:__TI_decompress_rle_core</name>
         <load_address>0x800056c0</load_address>
         <run_address>0x800056c0</run_address>
         <size>0x180</size>
         <input_file_ref idref="fl-84"/>
      </object_component>
      <object_component id="oc-1b3">
         <name>.text:malloc</name>
         <load_address>0x80005840</load_address>
         <run_address>0x80005840</run_address>
         <size>0x180</size>
         <input_file_ref idref="fl-aa"/>
      </object_component>
      <object_component id="oc-10f">
         <name>.text:_pproc_fflags</name>
         <load_address>0x800059c0</load_address>
         <run_address>0x800059c0</run_address>
         <size>0x140</size>
         <input_file_ref idref="fl-8a"/>
      </object_component>
      <object_component id="oc-2a3">
         <name>.text:getdevice</name>
         <load_address>0x80005b00</load_address>
         <run_address>0x80005b00</run_address>
         <size>0x140</size>
         <input_file_ref idref="fl-9b"/>
      </object_component>
      <object_component id="oc-209">
         <name>.text:_closefile</name>
         <load_address>0x80005c40</load_address>
         <run_address>0x80005c40</run_address>
         <size>0x120</size>
         <input_file_ref idref="fl-ab"/>
      </object_component>
      <object_component id="oc-19e">
         <name>.text:_ltostr</name>
         <load_address>0x80005d60</load_address>
         <run_address>0x80005d60</run_address>
         <size>0x120</size>
         <input_file_ref idref="fl-8a"/>
      </object_component>
      <object_component id="oc-162">
         <name>.text:fseek</name>
         <load_address>0x80005e80</load_address>
         <run_address>0x80005e80</run_address>
         <size>0x120</size>
         <input_file_ref idref="fl-a7"/>
      </object_component>
      <object_component id="oc-230">
         <name>.text:HOSTlseek</name>
         <load_address>0x80005fa0</load_address>
         <run_address>0x80005fa0</run_address>
         <size>0x100</size>
         <input_file_ref idref="fl-a2"/>
      </object_component>
      <object_component id="oc-33">
         <name>.text:_auto_init_elf</name>
         <load_address>0x800060a0</load_address>
         <run_address>0x800060a0</run_address>
         <size>0x100</size>
         <input_file_ref idref="fl-8d"/>
      </object_component>
      <object_component id="oc-132">
         <name>.text:_wrt_ok</name>
         <load_address>0x800061a0</load_address>
         <run_address>0x800061a0</run_address>
         <size>0x100</size>
         <input_file_ref idref="fl-a4"/>
      </object_component>
      <object_component id="oc-65">
         <name>.text:copy_in</name>
         <load_address>0x800062a0</load_address>
         <run_address>0x800062a0</run_address>
         <size>0x100</size>
         <input_file_ref idref="fl-8f"/>
      </object_component>
      <object_component id="oc-220">
         <name>.text:HOSTopen</name>
         <load_address>0x800063a0</load_address>
         <run_address>0x800063a0</run_address>
         <size>0xe0</size>
         <input_file_ref idref="fl-a2"/>
      </object_component>
      <object_component id="oc-147">
         <name>.text:atoi</name>
         <load_address>0x80006480</load_address>
         <run_address>0x80006480</run_address>
         <size>0xe0</size>
         <input_file_ref idref="fl-8c"/>
      </object_component>
      <object_component id="oc-266">
         <name>.text:close</name>
         <load_address>0x80006560</load_address>
         <run_address>0x80006560</run_address>
         <size>0xe0</size>
         <input_file_ref idref="fl-9b"/>
      </object_component>
      <object_component id="oc-23">
         <name>.text:decompress:ZI:__TI_zero_init</name>
         <load_address>0x80006640</load_address>
         <run_address>0x80006640</run_address>
         <size>0xe0</size>
         <input_file_ref idref="fl-85"/>
      </object_component>
      <object_component id="oc-240">
         <name>.text:ltoa</name>
         <load_address>0x80006720</load_address>
         <run_address>0x80006720</run_address>
         <size>0xe0</size>
         <input_file_ref idref="fl-9c"/>
      </object_component>
      <object_component id="oc-143">
         <name>.text:memset</name>
         <load_address>0x80006800</load_address>
         <run_address>0x80006800</run_address>
         <size>0xe0</size>
         <input_file_ref idref="fl-9e"/>
      </object_component>
      <object_component id="oc-b7">
         <name>.text:printf</name>
         <load_address>0x800068e0</load_address>
         <run_address>0x800068e0</run_address>
         <size>0xe0</size>
         <input_file_ref idref="fl-88"/>
      </object_component>
      <object_component id="oc-228">
         <name>.text:HOSTread</name>
         <load_address>0x800069c0</load_address>
         <run_address>0x800069c0</run_address>
         <size>0xc0</size>
         <input_file_ref idref="fl-a2"/>
      </object_component>
      <object_component id="oc-234">
         <name>.text:HOSTunlink</name>
         <load_address>0x80006a80</load_address>
         <run_address>0x80006a80</run_address>
         <size>0xc0</size>
         <input_file_ref idref="fl-a2"/>
      </object_component>
      <object_component id="oc-22c">
         <name>.text:HOSTwrite</name>
         <load_address>0x80006b40</load_address>
         <run_address>0x80006b40</run_address>
         <size>0xc0</size>
         <input_file_ref idref="fl-a2"/>
      </object_component>
      <object_component id="oc-257">
         <name>.text:__divu</name>
         <load_address>0x80006c00</load_address>
         <run_address>0x80006c00</run_address>
         <size>0xc0</size>
         <input_file_ref idref="fl-93"/>
      </object_component>
      <object_component id="oc-1fd">
         <name>.text:_div</name>
         <load_address>0x80006cc0</load_address>
         <run_address>0x80006cc0</run_address>
         <size>0xc0</size>
         <input_file_ref idref="fl-8a"/>
      </object_component>
      <object_component id="oc-136">
         <name>.text:_doflush</name>
         <load_address>0x80006d80</load_address>
         <run_address>0x80006d80</run_address>
         <size>0xc0</size>
         <input_file_ref idref="fl-a6"/>
      </object_component>
      <object_component id="oc-3b">
         <name>.text:exit</name>
         <load_address>0x80006e40</load_address>
         <run_address>0x80006e40</run_address>
         <size>0xc0</size>
         <input_file_ref idref="fl-86"/>
      </object_component>
      <object_component id="oc-69">
         <name>.text:tls:init:__TI_tls_init</name>
         <load_address>0x80006f00</load_address>
         <run_address>0x80006f00</run_address>
         <size>0xc0</size>
         <input_file_ref idref="fl-a0"/>
      </object_component>
      <object_component id="oc-224">
         <name>.text:HOSTclose</name>
         <load_address>0x80006fc0</load_address>
         <run_address>0x80006fc0</run_address>
         <size>0xa0</size>
         <input_file_ref idref="fl-a2"/>
      </object_component>
      <object_component id="oc-1ab">
         <name>.text:_cleanup</name>
         <load_address>0x80007060</load_address>
         <run_address>0x80007060</run_address>
         <size>0xa0</size>
         <input_file_ref idref="fl-a9"/>
      </object_component>
      <object_component id="oc-1da">
         <name>.text:_ecpy</name>
         <load_address>0x80007100</load_address>
         <run_address>0x80007100</run_address>
         <size>0xa0</size>
         <input_file_ref idref="fl-8a"/>
      </object_component>
      <object_component id="oc-1e7">
         <name>.text:_fcpy</name>
         <load_address>0x800071a0</load_address>
         <run_address>0x800071a0</run_address>
         <size>0xa0</size>
         <input_file_ref idref="fl-8a"/>
      </object_component>
      <object_component id="oc-219">
         <name>.text:_minit</name>
         <load_address>0x80007240</load_address>
         <run_address>0x80007240</run_address>
         <size>0xa0</size>
         <input_file_ref idref="fl-aa"/>
      </object_component>
      <object_component id="oc-18d">
         <name>.text:_pconv_f</name>
         <load_address>0x800072e0</load_address>
         <run_address>0x800072e0</run_address>
         <size>0xa0</size>
         <input_file_ref idref="fl-8a"/>
      </object_component>
      <object_component id="oc-2ba">
         <name>.text:finddevice</name>
         <load_address>0x80007380</load_address>
         <run_address>0x80007380</run_address>
         <size>0xa0</size>
         <input_file_ref idref="fl-9b"/>
      </object_component>
      <object_component id="oc-1a5">
         <name>.text:lseek</name>
         <load_address>0x80007420</load_address>
         <run_address>0x80007420</run_address>
         <size>0xa0</size>
         <input_file_ref idref="fl-9b"/>
      </object_component>
      <object_component id="oc-41">
         <name>.text:memcpy</name>
         <load_address>0x800074c0</load_address>
         <run_address>0x800074c0</run_address>
         <size>0xa0</size>
         <input_file_ref idref="fl-87"/>
      </object_component>
      <object_component id="oc-214">
         <name>.text:minsert</name>
         <load_address>0x80007560</load_address>
         <run_address>0x80007560</run_address>
         <size>0xa0</size>
         <input_file_ref idref="fl-aa"/>
      </object_component>
      <object_component id="oc-210">
         <name>.text:mremove</name>
         <load_address>0x80007600</load_address>
         <run_address>0x80007600</run_address>
         <size>0xa0</size>
         <input_file_ref idref="fl-aa"/>
      </object_component>
      <object_component id="oc-13a">
         <name>.text:write</name>
         <load_address>0x800076a0</load_address>
         <run_address>0x800076a0</run_address>
         <size>0xa0</size>
         <input_file_ref idref="fl-9b"/>
      </object_component>
      <object_component id="oc-299">
         <name>.text:__c6xabi_llshl</name>
         <load_address>0x80007740</load_address>
         <run_address>0x80007740</run_address>
         <size>0x80</size>
         <input_file_ref idref="fl-9a"/>
      </object_component>
      <object_component id="oc-17">
         <name>.text:_c_int00</name>
         <load_address>0x800077c0</load_address>
         <run_address>0x800077c0</run_address>
         <size>0x80</size>
         <input_file_ref idref="fl-82"/>
      </object_component>
      <object_component id="oc-27d">
         <name>.text:readmsg</name>
         <load_address>0x80007840</load_address>
         <run_address>0x80007840</run_address>
         <size>0x80</size>
         <input_file_ref idref="fl-a3"/>
      </object_component>
      <object_component id="oc-26a">
         <name>.text:unlink</name>
         <load_address>0x800078c0</load_address>
         <run_address>0x800078c0</run_address>
         <size>0x80</size>
         <input_file_ref idref="fl-9b"/>
      </object_component>
      <object_component id="oc-6d">
         <name>.text:__TI_cpp_init</name>
         <load_address>0x80007940</load_address>
         <run_address>0x80007940</run_address>
         <size>0x60</size>
         <input_file_ref idref="fl-8e"/>
      </object_component>
      <object_component id="oc-29d">
         <name>.text:_subcull</name>
         <load_address>0x800079a0</load_address>
         <run_address>0x800079a0</run_address>
         <size>0x60</size>
         <input_file_ref idref="fl-98"/>
      </object_component>
      <object_component id="oc-154">
         <name>.text:memccpy</name>
         <load_address>0x80007a00</load_address>
         <run_address>0x80007a00</run_address>
         <size>0x60</size>
         <input_file_ref idref="fl-9d"/>
      </object_component>
      <object_component id="oc-279">
         <name>.text:writemsg</name>
         <load_address>0x80007a60</load_address>
         <run_address>0x80007a60</run_address>
         <size>0x60</size>
         <input_file_ref idref="fl-a3"/>
      </object_component>
      <object_component id="oc-24d">
         <name>.text:__c6xabi_frcmpyd_div</name>
         <load_address>0x80007ac0</load_address>
         <run_address>0x80007ac0</run_address>
         <size>0x40</size>
         <input_file_ref idref="fl-96"/>
      </object_component>
      <object_component id="oc-185">
         <name>.text:__c6xabi_isinf</name>
         <load_address>0x80007b00</load_address>
         <run_address>0x80007b00</run_address>
         <size>0x40</size>
         <input_file_ref idref="fl-99"/>
      </object_component>
      <object_component id="oc-181">
         <name>.text:__c6xabi_isnan</name>
         <load_address>0x80007b40</load_address>
         <run_address>0x80007b40</run_address>
         <size>0x40</size>
         <input_file_ref idref="fl-8a"/>
      </object_component>
      <object_component id="oc-249">
         <name>.text:__c6xabi_llshru</name>
         <load_address>0x80007b80</load_address>
         <run_address>0x80007b80</run_address>
         <size>0x40</size>
         <input_file_ref idref="fl-9a"/>
      </object_component>
      <object_component id="oc-37">
         <name>.text:_args_main</name>
         <load_address>0x80007bc0</load_address>
         <run_address>0x80007bc0</run_address>
         <size>0x40</size>
         <input_file_ref idref="fl-8b"/>
      </object_component>
      <object_component id="oc-19a">
         <name>.text:__c6xabi_negll</name>
         <load_address>0x80007c00</load_address>
         <run_address>0x80007c00</run_address>
         <size>0x20</size>
         <input_file_ref idref="fl-9f"/>
      </object_component>
      <object_component id="oc-fb">
         <name>.text:_nop</name>
         <load_address>0x80007c20</load_address>
         <run_address>0x80007c20</run_address>
         <size>0x20</size>
         <input_file_ref idref="fl-89"/>
      </object_component>
      <object_component id="oc-ef">
         <name>.text:_outc</name>
         <load_address>0x80007c40</load_address>
         <run_address>0x80007c40</run_address>
         <size>0x20</size>
         <input_file_ref idref="fl-88"/>
      </object_component>
      <object_component id="oc-eb">
         <name>.text:_outs</name>
         <load_address>0x80007c60</load_address>
         <run_address>0x80007c60</run_address>
         <size>0x20</size>
         <input_file_ref idref="fl-88"/>
      </object_component>
      <object_component id="oc-7f">
         <name>.text:abort</name>
         <load_address>0x80007c80</load_address>
         <run_address>0x80007c80</run_address>
         <size>0x20</size>
         <input_file_ref idref="fl-86"/>
      </object_component>
      <object_component id="oc-1f">
         <name>.text:decompress:none:__TI_decompress_none</name>
         <load_address>0x80007ca0</load_address>
         <run_address>0x80007ca0</run_address>
         <size>0x20</size>
         <input_file_ref idref="fl-83"/>
      </object_component>
      <object_component id="oc-27">
         <name>.text:decompress:rle24:__TI_decompress_rle24</name>
         <load_address>0x80007cc0</load_address>
         <run_address>0x80007cc0</run_address>
         <size>0x20</size>
         <input_file_ref idref="fl-84"/>
      </object_component>
      <object_component id="oc-2f">
         <name>.stack</name>
         <uninitialized>true</uninitialized>
         <run_address>0x80007ce0</run_address>
         <size>0x8</size>
         <input_file_ref idref="fl-82"/>
      </object_component>
      <object_component id="oc-2ee">
         <name>.stack</name>
         <uninitialized>true</uninitialized>
         <run_address>0x80007ce0</run_address>
         <size>0x0</size>
      </object_component>
      <object_component id="oc-2ae">
         <name>.cio</name>
         <uninitialized>true</uninitialized>
         <run_address>0x800094c0</run_address>
         <size>0x120</size>
         <input_file_ref idref="fl-a3"/>
      </object_component>
      <object_component id="oc-17d">
         <name>.const:.string:_ctypes_</name>
         <load_address>0x80009388</load_address>
         <run_address>0x80009388</run_address>
         <size>0x101</size>
         <input_file_ref idref="fl-90"/>
      </object_component>
      <object_component id="oc-158">
         <name>.const:.string</name>
         <load_address>0x80009489</load_address>
         <run_address>0x80009489</run_address>
         <size>0x23</size>
         <input_file_ref idref="fl-8a"/>
      </object_component>
      <object_component id="oc-bb">
         <name>.const:.string</name>
         <load_address>0x800094ac</load_address>
         <run_address>0x800094ac</run_address>
         <size>0x14</size>
         <input_file_ref idref="fl-2"/>
      </object_component>
      <object_component id="oc-df">
         <name>.switch:GPIOIntTypeSet</name>
         <load_address>0x800095e0</load_address>
         <run_address>0x800095e0</run_address>
         <size>0x10</size>
         <input_file_ref idref="fl-a"/>
      </object_component>
      <object_component id="oc-31">
         <name>.sysmem</name>
         <uninitialized>true</uninitialized>
         <run_address>0x800084e0</run_address>
         <size>0x8</size>
         <input_file_ref idref="fl-aa"/>
      </object_component>
      <object_component id="oc-2ef">
         <name>.sysmem</name>
         <uninitialized>true</uninitialized>
         <run_address>0x800084e0</run_address>
         <size>0x0</size>
      </object_component>
      <object_component id="oc-5c">
         <name>.far</name>
         <uninitialized>true</uninitialized>
         <run_address>0x80008ce0</run_address>
         <size>0x240</size>
         <input_file_ref idref="fl-8"/>
      </object_component>
      <object_component id="oc-26e">
         <name>.far</name>
         <uninitialized>true</uninitialized>
         <run_address>0x80008f20</run_address>
         <size>0x140</size>
         <input_file_ref idref="fl-91"/>
      </object_component>
      <object_component id="oc-277">
         <name>.far</name>
         <uninitialized>true</uninitialized>
         <run_address>0x80009060</run_address>
         <size>0x8</size>
         <input_file_ref idref="fl-a2"/>
      </object_component>
      <object_component id="oc-2ed">
         <name>.cinit..fardata.load</name>
         <load_address>0x800095f0</load_address>
         <run_address>0x800095f0</run_address>
         <size>0x72</size>
      </object_component>
      <object_component id="oc-2ea">
         <name>__TI_handler_table</name>
         <load_address>0x80009664</load_address>
         <run_address>0x80009664</run_address>
         <size>0xc</size>
      </object_component>
      <object_component id="oc-2ec">
         <name>.cinit..far.load</name>
         <load_address>0x80009670</load_address>
         <run_address>0x80009670</run_address>
         <size>0x8</size>
      </object_component>
      <object_component id="oc-2eb">
         <name>__TI_cinit_table</name>
         <load_address>0x80009678</load_address>
         <run_address>0x80009678</run_address>
         <size>0x10</size>
      </object_component>
      <object_component id="oc-7d">
         <name>.fardata</name>
         <load_address>0x80009360</load_address>
         <run_address>0x80009360</run_address>
         <size>0xc</size>
         <input_file_ref idref="fl-86"/>
      </object_component>
      <object_component id="oc-e7">
         <name>.fardata</name>
         <load_address>0x80009378</load_address>
         <run_address>0x80009378</run_address>
         <size>0x8</size>
         <input_file_ref idref="fl-89"/>
      </object_component>
      <object_component id="oc-e9">
         <name>.fardata:_ftable</name>
         <load_address>0x80009068</load_address>
         <run_address>0x80009068</run_address>
         <size>0x1e0</size>
         <input_file_ref idref="fl-91"/>
      </object_component>
      <object_component id="oc-16e">
         <name>.fardata:_stream</name>
         <load_address>0x80009248</load_address>
         <run_address>0x80009248</run_address>
         <size>0xa0</size>
         <input_file_ref idref="fl-9b"/>
      </object_component>
      <object_component id="oc-1bd">
         <name>.fardata:_device</name>
         <load_address>0x800092e8</load_address>
         <run_address>0x800092e8</run_address>
         <size>0x78</size>
         <input_file_ref idref="fl-9b"/>
      </object_component>
      <object_component id="oc-207">
         <name>.fardata</name>
         <load_address>0x80009380</load_address>
         <run_address>0x80009380</run_address>
         <size>0x4</size>
         <input_file_ref idref="fl-91"/>
      </object_component>
      <object_component id="oc-20e">
         <name>.fardata</name>
         <load_address>0x8000936c</load_address>
         <run_address>0x8000936c</run_address>
         <size>0xc</size>
         <input_file_ref idref="fl-aa"/>
      </object_component>
      <object_component id="oc-19">
         <name>.debug_info</name>
         <load_address>0x0</load_address>
         <run_address>0x0</run_address>
         <size>0x1a6</size>
         <input_file_ref idref="fl-9"/>
      </object_component>
      <object_component id="oc-1c">
         <name>.debug_info</name>
         <load_address>0x1a6</load_address>
         <run_address>0x1a6</run_address>
         <size>0x110</size>
         <input_file_ref idref="fl-82"/>
      </object_component>
      <object_component id="oc-20">
         <name>.debug_info</name>
         <load_address>0x2b6</load_address>
         <run_address>0x2b6</run_address>
         <size>0x14f</size>
         <input_file_ref idref="fl-83"/>
      </object_component>
      <object_component id="oc-24">
         <name>.debug_info</name>
         <load_address>0x405</load_address>
         <run_address>0x405</run_address>
         <size>0x190</size>
         <input_file_ref idref="fl-85"/>
      </object_component>
      <object_component id="oc-28">
         <name>.debug_info</name>
         <load_address>0x595</load_address>
         <run_address>0x595</run_address>
         <size>0x16c</size>
         <input_file_ref idref="fl-84"/>
      </object_component>
      <object_component id="oc-2c">
         <name>.debug_info</name>
         <load_address>0x701</load_address>
         <run_address>0x701</run_address>
         <size>0x10dd</size>
         <input_file_ref idref="fl-8"/>
      </object_component>
      <object_component id="oc-30">
         <name>.debug_info</name>
         <load_address>0x17de</load_address>
         <run_address>0x17de</run_address>
         <size>0xa7</size>
         <input_file_ref idref="fl-82"/>
      </object_component>
      <object_component id="oc-32">
         <name>.debug_info</name>
         <load_address>0x1885</load_address>
         <run_address>0x1885</run_address>
         <size>0xb3</size>
         <input_file_ref idref="fl-aa"/>
      </object_component>
      <object_component id="oc-34">
         <name>.debug_info</name>
         <load_address>0x1938</load_address>
         <run_address>0x1938</run_address>
         <size>0x190</size>
         <input_file_ref idref="fl-8d"/>
      </object_component>
      <object_component id="oc-38">
         <name>.debug_info</name>
         <load_address>0x1ac8</load_address>
         <run_address>0x1ac8</run_address>
         <size>0xf6</size>
         <input_file_ref idref="fl-8b"/>
      </object_component>
      <object_component id="oc-3c">
         <name>.debug_info</name>
         <load_address>0x1bbe</load_address>
         <run_address>0x1bbe</run_address>
         <size>0x10c</size>
         <input_file_ref idref="fl-86"/>
      </object_component>
      <object_component id="oc-42">
         <name>.debug_info</name>
         <load_address>0x1cca</load_address>
         <run_address>0x1cca</run_address>
         <size>0xd6</size>
         <input_file_ref idref="fl-87"/>
      </object_component>
      <object_component id="oc-46">
         <name>.debug_info</name>
         <load_address>0x1da0</load_address>
         <run_address>0x1da0</run_address>
         <size>0x53</size>
         <input_file_ref idref="fl-83"/>
      </object_component>
      <object_component id="oc-4c">
         <name>.debug_info</name>
         <load_address>0x1df3</load_address>
         <run_address>0x1df3</run_address>
         <size>0x53</size>
         <input_file_ref idref="fl-85"/>
      </object_component>
      <object_component id="oc-52">
         <name>.debug_info</name>
         <load_address>0x1e46</load_address>
         <run_address>0x1e46</run_address>
         <size>0x2f2</size>
         <input_file_ref idref="fl-84"/>
      </object_component>
      <object_component id="oc-56">
         <name>.debug_info</name>
         <load_address>0x2138</load_address>
         <run_address>0x2138</run_address>
         <size>0x1d7</size>
         <input_file_ref idref="fl-84"/>
      </object_component>
      <object_component id="oc-57">
         <name>.debug_info</name>
         <load_address>0x230f</load_address>
         <run_address>0x230f</run_address>
         <size>0x46</size>
         <input_file_ref idref="fl-84"/>
      </object_component>
      <object_component id="oc-5d">
         <name>.debug_info</name>
         <load_address>0x2355</load_address>
         <run_address>0x2355</run_address>
         <size>0x17c</size>
         <input_file_ref idref="fl-8"/>
      </object_component>
      <object_component id="oc-61">
         <name>.debug_info</name>
         <load_address>0x24d1</load_address>
         <run_address>0x24d1</run_address>
         <size>0xfc</size>
         <input_file_ref idref="fl-82"/>
      </object_component>
      <object_component id="oc-64">
         <name>.debug_info</name>
         <load_address>0x25cd</load_address>
         <run_address>0x25cd</run_address>
         <size>0x16a</size>
         <input_file_ref idref="fl-aa"/>
      </object_component>
      <object_component id="oc-66">
         <name>.debug_info</name>
         <load_address>0x2737</load_address>
         <run_address>0x2737</run_address>
         <size>0x18e</size>
         <input_file_ref idref="fl-8f"/>
      </object_component>
      <object_component id="oc-6a">
         <name>.debug_info</name>
         <load_address>0x28c5</load_address>
         <run_address>0x28c5</run_address>
         <size>0x164</size>
         <input_file_ref idref="fl-a0"/>
      </object_component>
      <object_component id="oc-6e">
         <name>.debug_info</name>
         <load_address>0x2a29</load_address>
         <run_address>0x2a29</run_address>
         <size>0x15f</size>
         <input_file_ref idref="fl-8e"/>
      </object_component>
      <object_component id="oc-73">
         <name>.debug_info</name>
         <load_address>0x2b88</load_address>
         <run_address>0x2b88</run_address>
         <size>0x489</size>
         <input_file_ref idref="fl-2"/>
      </object_component>
      <object_component id="oc-78">
         <name>.debug_info</name>
         <load_address>0x3011</load_address>
         <run_address>0x3011</run_address>
         <size>0x94</size>
         <input_file_ref idref="fl-82"/>
      </object_component>
      <object_component id="oc-7e">
         <name>.debug_info</name>
         <load_address>0x30a5</load_address>
         <run_address>0x30a5</run_address>
         <size>0x127</size>
         <input_file_ref idref="fl-86"/>
      </object_component>
      <object_component id="oc-80">
         <name>.debug_info</name>
         <load_address>0x31cc</load_address>
         <run_address>0x31cc</run_address>
         <size>0x11e</size>
         <input_file_ref idref="fl-86"/>
      </object_component>
      <object_component id="oc-84">
         <name>.debug_info</name>
         <load_address>0x32ea</load_address>
         <run_address>0x32ea</run_address>
         <size>0x8d</size>
         <input_file_ref idref="fl-83"/>
      </object_component>
      <object_component id="oc-8a">
         <name>.debug_info</name>
         <load_address>0x3377</load_address>
         <run_address>0x3377</run_address>
         <size>0x46</size>
         <input_file_ref idref="fl-83"/>
      </object_component>
      <object_component id="oc-8f">
         <name>.debug_info</name>
         <load_address>0x33bd</load_address>
         <run_address>0x33bd</run_address>
         <size>0xe5</size>
         <input_file_ref idref="fl-83"/>
      </object_component>
      <object_component id="oc-90">
         <name>.debug_info</name>
         <load_address>0x34a2</load_address>
         <run_address>0x34a2</run_address>
         <size>0x2c</size>
         <input_file_ref idref="fl-84"/>
      </object_component>
      <object_component id="oc-95">
         <name>.debug_info</name>
         <load_address>0x34ce</load_address>
         <run_address>0x34ce</run_address>
         <size>0x1cd</size>
         <input_file_ref idref="fl-85"/>
      </object_component>
      <object_component id="oc-9b">
         <name>.debug_info</name>
         <load_address>0x369b</load_address>
         <run_address>0x369b</run_address>
         <size>0x233</size>
         <input_file_ref idref="fl-8"/>
      </object_component>
      <object_component id="oc-a0">
         <name>.debug_info</name>
         <load_address>0x38ce</load_address>
         <run_address>0x38ce</run_address>
         <size>0x110</size>
         <input_file_ref idref="fl-86"/>
      </object_component>
      <object_component id="oc-a5">
         <name>.debug_info</name>
         <load_address>0x39de</load_address>
         <run_address>0x39de</run_address>
         <size>0x70</size>
         <input_file_ref idref="fl-aa"/>
      </object_component>
      <object_component id="oc-ab">
         <name>.debug_info</name>
         <load_address>0x3a4e</load_address>
         <run_address>0x3a4e</run_address>
         <size>0x140</size>
         <input_file_ref idref="fl-8f"/>
      </object_component>
      <object_component id="oc-ad">
         <name>.debug_info</name>
         <load_address>0x3b8e</load_address>
         <run_address>0x3b8e</run_address>
         <size>0x253</size>
         <input_file_ref idref="fl-a0"/>
      </object_component>
      <object_component id="oc-b0">
         <name>.debug_info</name>
         <load_address>0x3de1</load_address>
         <run_address>0x3de1</run_address>
         <size>0xd02</size>
         <input_file_ref idref="fl-a"/>
      </object_component>
      <object_component id="oc-b4">
         <name>.debug_info</name>
         <load_address>0x4ae3</load_address>
         <run_address>0x4ae3</run_address>
         <size>0x20fa</size>
         <input_file_ref idref="fl-8"/>
      </object_component>
      <object_component id="oc-b8">
         <name>.debug_info</name>
         <load_address>0x6bdd</load_address>
         <run_address>0x6bdd</run_address>
         <size>0x127</size>
         <input_file_ref idref="fl-88"/>
      </object_component>
      <object_component id="oc-bd">
         <name>.debug_info</name>
         <load_address>0x6d04</load_address>
         <run_address>0x6d04</run_address>
         <size>0x94</size>
         <input_file_ref idref="fl-2"/>
      </object_component>
      <object_component id="oc-c4">
         <name>.debug_info</name>
         <load_address>0x6d98</load_address>
         <run_address>0x6d98</run_address>
         <size>0x12b</size>
         <input_file_ref idref="fl-86"/>
      </object_component>
      <object_component id="oc-cc">
         <name>.debug_info</name>
         <load_address>0x6ec3</load_address>
         <run_address>0x6ec3</run_address>
         <size>0x8d</size>
         <input_file_ref idref="fl-8"/>
      </object_component>
      <object_component id="oc-d1">
         <name>.debug_info</name>
         <load_address>0x6f50</load_address>
         <run_address>0x6f50</run_address>
         <size>0x2c</size>
         <input_file_ref idref="fl-8"/>
      </object_component>
      <object_component id="oc-d8">
         <name>.debug_info</name>
         <load_address>0x6f7c</load_address>
         <run_address>0x6f7c</run_address>
         <size>0xcd</size>
         <input_file_ref idref="fl-8f"/>
      </object_component>
      <object_component id="oc-e1">
         <name>.debug_info</name>
         <load_address>0x7049</load_address>
         <run_address>0x7049</run_address>
         <size>0x8d</size>
         <input_file_ref idref="fl-a"/>
      </object_component>
      <object_component id="oc-e8">
         <name>.debug_info</name>
         <load_address>0x70d6</load_address>
         <run_address>0x70d6</run_address>
         <size>0xc5</size>
         <input_file_ref idref="fl-89"/>
      </object_component>
      <object_component id="oc-ea">
         <name>.debug_info</name>
         <load_address>0x719b</load_address>
         <run_address>0x719b</run_address>
         <size>0xa9</size>
         <input_file_ref idref="fl-91"/>
      </object_component>
      <object_component id="oc-ec">
         <name>.debug_info</name>
         <load_address>0x7244</load_address>
         <run_address>0x7244</run_address>
         <size>0x10b</size>
         <input_file_ref idref="fl-88"/>
      </object_component>
      <object_component id="oc-f0">
         <name>.debug_info</name>
         <load_address>0x734f</load_address>
         <run_address>0x734f</run_address>
         <size>0xfc</size>
         <input_file_ref idref="fl-88"/>
      </object_component>
      <object_component id="oc-f4">
         <name>.debug_info</name>
         <load_address>0x744b</load_address>
         <run_address>0x744b</run_address>
         <size>0x418</size>
         <input_file_ref idref="fl-8a"/>
      </object_component>
      <object_component id="oc-f8">
         <name>.debug_info</name>
         <load_address>0x7863</load_address>
         <run_address>0x7863</run_address>
         <size>0x1e3</size>
         <input_file_ref idref="fl-88"/>
      </object_component>
      <object_component id="oc-fc">
         <name>.debug_info</name>
         <load_address>0x7a46</load_address>
         <run_address>0x7a46</run_address>
         <size>0xd9</size>
         <input_file_ref idref="fl-89"/>
      </object_component>
      <object_component id="oc-101">
         <name>.debug_info</name>
         <load_address>0x7b1f</load_address>
         <run_address>0x7b1f</run_address>
         <size>0x99</size>
         <input_file_ref idref="fl-89"/>
      </object_component>
      <object_component id="oc-104">
         <name>.debug_info</name>
         <load_address>0x7bb8</load_address>
         <run_address>0x7bb8</run_address>
         <size>0xca</size>
         <input_file_ref idref="fl-91"/>
      </object_component>
      <object_component id="oc-106">
         <name>.debug_info</name>
         <load_address>0x7c82</load_address>
         <run_address>0x7c82</run_address>
         <size>0x3e4</size>
         <input_file_ref idref="fl-95"/>
      </object_component>
      <object_component id="oc-10b">
         <name>.debug_info</name>
         <load_address>0x8066</load_address>
         <run_address>0x8066</run_address>
         <size>0x182</size>
         <input_file_ref idref="fl-94"/>
      </object_component>
      <object_component id="oc-110">
         <name>.debug_info</name>
         <load_address>0x81e8</load_address>
         <run_address>0x81e8</run_address>
         <size>0x1f5</size>
         <input_file_ref idref="fl-8a"/>
      </object_component>
      <object_component id="oc-114">
         <name>.debug_info</name>
         <load_address>0x83dd</load_address>
         <run_address>0x83dd</run_address>
         <size>0x20b</size>
         <input_file_ref idref="fl-8a"/>
      </object_component>
      <object_component id="oc-118">
         <name>.debug_info</name>
         <load_address>0x85e8</load_address>
         <run_address>0x85e8</run_address>
         <size>0x224</size>
         <input_file_ref idref="fl-8a"/>
      </object_component>
      <object_component id="oc-11c">
         <name>.debug_info</name>
         <load_address>0x880c</load_address>
         <run_address>0x880c</run_address>
         <size>0x37b</size>
         <input_file_ref idref="fl-8a"/>
      </object_component>
      <object_component id="oc-120">
         <name>.debug_info</name>
         <load_address>0x8b87</load_address>
         <run_address>0x8b87</run_address>
         <size>0x211</size>
         <input_file_ref idref="fl-8a"/>
      </object_component>
      <object_component id="oc-121">
         <name>.debug_info</name>
         <load_address>0x8d98</load_address>
         <run_address>0x8d98</run_address>
         <size>0x2c</size>
         <input_file_ref idref="fl-88"/>
      </object_component>
      <object_component id="oc-128">
         <name>.debug_info</name>
         <load_address>0x8dc4</load_address>
         <run_address>0x8dc4</run_address>
         <size>0xc8</size>
         <input_file_ref idref="fl-88"/>
      </object_component>
      <object_component id="oc-133">
         <name>.debug_info</name>
         <load_address>0x8e8c</load_address>
         <run_address>0x8e8c</run_address>
         <size>0x115</size>
         <input_file_ref idref="fl-a4"/>
      </object_component>
      <object_component id="oc-137">
         <name>.debug_info</name>
         <load_address>0x8fa1</load_address>
         <run_address>0x8fa1</run_address>
         <size>0x103</size>
         <input_file_ref idref="fl-a6"/>
      </object_component>
      <object_component id="oc-13b">
         <name>.debug_info</name>
         <load_address>0x90a4</load_address>
         <run_address>0x90a4</run_address>
         <size>0x133</size>
         <input_file_ref idref="fl-9b"/>
      </object_component>
      <object_component id="oc-13f">
         <name>.debug_info</name>
         <load_address>0x91d7</load_address>
         <run_address>0x91d7</run_address>
         <size>0x1ba</size>
         <input_file_ref idref="fl-95"/>
      </object_component>
      <object_component id="oc-141">
         <name>.debug_info</name>
         <load_address>0x9391</load_address>
         <run_address>0x9391</run_address>
         <size>0x183</size>
         <input_file_ref idref="fl-94"/>
      </object_component>
      <object_component id="oc-144">
         <name>.debug_info</name>
         <load_address>0x9514</load_address>
         <run_address>0x9514</run_address>
         <size>0x163</size>
         <input_file_ref idref="fl-9e"/>
      </object_component>
      <object_component id="oc-148">
         <name>.debug_info</name>
         <load_address>0x9677</load_address>
         <run_address>0x9677</run_address>
         <size>0x17f</size>
         <input_file_ref idref="fl-8c"/>
      </object_component>
      <object_component id="oc-14d">
         <name>.debug_info</name>
         <load_address>0x97f6</load_address>
         <run_address>0x97f6</run_address>
         <size>0x1c8</size>
         <input_file_ref idref="fl-8a"/>
      </object_component>
      <object_component id="oc-151">
         <name>.debug_info</name>
         <load_address>0x99be</load_address>
         <run_address>0x99be</run_address>
         <size>0x1fe</size>
         <input_file_ref idref="fl-8a"/>
      </object_component>
      <object_component id="oc-155">
         <name>.debug_info</name>
         <load_address>0x9bbc</load_address>
         <run_address>0x9bbc</run_address>
         <size>0x17d</size>
         <input_file_ref idref="fl-9d"/>
      </object_component>
      <object_component id="oc-15d">
         <name>.debug_info</name>
         <load_address>0x9d39</load_address>
         <run_address>0x9d39</run_address>
         <size>0x101</size>
         <input_file_ref idref="fl-8a"/>
      </object_component>
      <object_component id="oc-163">
         <name>.debug_info</name>
         <load_address>0x9e3a</load_address>
         <run_address>0x9e3a</run_address>
         <size>0x161</size>
         <input_file_ref idref="fl-a7"/>
      </object_component>
      <object_component id="oc-167">
         <name>.debug_info</name>
         <load_address>0x9f9b</load_address>
         <run_address>0x9f9b</run_address>
         <size>0x16f</size>
         <input_file_ref idref="fl-a8"/>
      </object_component>
      <object_component id="oc-16b">
         <name>.debug_info</name>
         <load_address>0xa10a</load_address>
         <run_address>0xa10a</run_address>
         <size>0x103</size>
         <input_file_ref idref="fl-a4"/>
      </object_component>
      <object_component id="oc-16d">
         <name>.debug_info</name>
         <load_address>0xa20d</load_address>
         <run_address>0xa20d</run_address>
         <size>0x154</size>
         <input_file_ref idref="fl-a6"/>
      </object_component>
      <object_component id="oc-16f">
         <name>.debug_info</name>
         <load_address>0xa361</load_address>
         <run_address>0xa361</run_address>
         <size>0xaa</size>
         <input_file_ref idref="fl-9b"/>
      </object_component>
      <object_component id="oc-171">
         <name>.debug_info</name>
         <load_address>0xa40b</load_address>
         <run_address>0xa40b</run_address>
         <size>0x323</size>
         <input_file_ref idref="fl-9b"/>
      </object_component>
      <object_component id="oc-174">
         <name>.debug_info</name>
         <load_address>0xa72e</load_address>
         <run_address>0xa72e</run_address>
         <size>0xbb</size>
         <input_file_ref idref="fl-95"/>
      </object_component>
      <object_component id="oc-17c">
         <name>.debug_info</name>
         <load_address>0xa7e9</load_address>
         <run_address>0xa7e9</run_address>
         <size>0x1ab</size>
         <input_file_ref idref="fl-9e"/>
      </object_component>
      <object_component id="oc-17e">
         <name>.debug_info</name>
         <load_address>0xa994</load_address>
         <run_address>0xa994</run_address>
         <size>0xac</size>
         <input_file_ref idref="fl-90"/>
      </object_component>
      <object_component id="oc-180">
         <name>.debug_info</name>
         <load_address>0xaa40</load_address>
         <run_address>0xaa40</run_address>
         <size>0xf6</size>
         <input_file_ref idref="fl-8c"/>
      </object_component>
      <object_component id="oc-182">
         <name>.debug_info</name>
         <load_address>0xab36</load_address>
         <run_address>0xab36</run_address>
         <size>0x12f</size>
         <input_file_ref idref="fl-8a"/>
      </object_component>
      <object_component id="oc-186">
         <name>.debug_info</name>
         <load_address>0xac65</load_address>
         <run_address>0xac65</run_address>
         <size>0xfc</size>
         <input_file_ref idref="fl-99"/>
      </object_component>
      <object_component id="oc-18a">
         <name>.debug_info</name>
         <load_address>0xad61</load_address>
         <run_address>0xad61</run_address>
         <size>0x209</size>
         <input_file_ref idref="fl-8a"/>
      </object_component>
      <object_component id="oc-18e">
         <name>.debug_info</name>
         <load_address>0xaf6a</load_address>
         <run_address>0xaf6a</run_address>
         <size>0x146</size>
         <input_file_ref idref="fl-8a"/>
      </object_component>
      <object_component id="oc-192">
         <name>.debug_info</name>
         <load_address>0xb0b0</load_address>
         <run_address>0xb0b0</run_address>
         <size>0x321</size>
         <input_file_ref idref="fl-8a"/>
      </object_component>
      <object_component id="oc-197">
         <name>.debug_info</name>
         <load_address>0xb3d1</load_address>
         <run_address>0xb3d1</run_address>
         <size>0x16e</size>
         <input_file_ref idref="fl-8a"/>
      </object_component>
      <object_component id="oc-19b">
         <name>.debug_info</name>
         <load_address>0xb53f</load_address>
         <run_address>0xb53f</run_address>
         <size>0xf3</size>
         <input_file_ref idref="fl-9f"/>
      </object_component>
      <object_component id="oc-19f">
         <name>.debug_info</name>
         <load_address>0xb632</load_address>
         <run_address>0xb632</run_address>
         <size>0x211</size>
         <input_file_ref idref="fl-8a"/>
      </object_component>
      <object_component id="oc-1a4">
         <name>.debug_info</name>
         <load_address>0xb843</load_address>
         <run_address>0xb843</run_address>
         <size>0xd2</size>
         <input_file_ref idref="fl-9d"/>
      </object_component>
      <object_component id="oc-1a6">
         <name>.debug_info</name>
         <load_address>0xb915</load_address>
         <run_address>0xb915</run_address>
         <size>0x139</size>
         <input_file_ref idref="fl-9b"/>
      </object_component>
      <object_component id="oc-1aa">
         <name>.debug_info</name>
         <load_address>0xba4e</load_address>
         <run_address>0xba4e</run_address>
         <size>0x12b</size>
         <input_file_ref idref="fl-a7"/>
      </object_component>
      <object_component id="oc-1ac">
         <name>.debug_info</name>
         <load_address>0xbb79</load_address>
         <run_address>0xbb79</run_address>
         <size>0x171</size>
         <input_file_ref idref="fl-a9"/>
      </object_component>
      <object_component id="oc-1b0">
         <name>.debug_info</name>
         <load_address>0xbcea</load_address>
         <run_address>0xbcea</run_address>
         <size>0x1f9</size>
         <input_file_ref idref="fl-aa"/>
      </object_component>
      <object_component id="oc-1b4">
         <name>.debug_info</name>
         <load_address>0xbee3</load_address>
         <run_address>0xbee3</run_address>
         <size>0x196</size>
         <input_file_ref idref="fl-aa"/>
      </object_component>
      <object_component id="oc-1b8">
         <name>.debug_info</name>
         <load_address>0xc079</load_address>
         <run_address>0xc079</run_address>
         <size>0x183</size>
         <input_file_ref idref="fl-a8"/>
      </object_component>
      <object_component id="oc-1be">
         <name>.debug_info</name>
         <load_address>0xc1fc</load_address>
         <run_address>0xc1fc</run_address>
         <size>0xaa</size>
         <input_file_ref idref="fl-9b"/>
      </object_component>
      <object_component id="oc-1c3">
         <name>.debug_info</name>
         <load_address>0xc2a6</load_address>
         <run_address>0xc2a6</run_address>
         <size>0x12e</size>
         <input_file_ref idref="fl-9b"/>
      </object_component>
      <object_component id="oc-1c8">
         <name>.debug_info</name>
         <load_address>0xc3d4</load_address>
         <run_address>0xc3d4</run_address>
         <size>0x2c</size>
         <input_file_ref idref="fl-94"/>
      </object_component>
      <object_component id="oc-1d1">
         <name>.debug_info</name>
         <load_address>0xc400</load_address>
         <run_address>0xc400</run_address>
         <size>0xa6</size>
         <input_file_ref idref="fl-90"/>
      </object_component>
      <object_component id="oc-1d7">
         <name>.debug_info</name>
         <load_address>0xc4a6</load_address>
         <run_address>0xc4a6</run_address>
         <size>0x2dc</size>
         <input_file_ref idref="fl-8a"/>
      </object_component>
      <object_component id="oc-1db">
         <name>.debug_info</name>
         <load_address>0xc782</load_address>
         <run_address>0xc782</run_address>
         <size>0x12d</size>
         <input_file_ref idref="fl-8a"/>
      </object_component>
      <object_component id="oc-1df">
         <name>.debug_info</name>
         <load_address>0xc8af</load_address>
         <run_address>0xc8af</run_address>
         <size>0x38b</size>
         <input_file_ref idref="fl-8a"/>
      </object_component>
      <object_component id="oc-1e4">
         <name>.debug_info</name>
         <load_address>0xcc3a</load_address>
         <run_address>0xcc3a</run_address>
         <size>0x2e5</size>
         <input_file_ref idref="fl-8a"/>
      </object_component>
      <object_component id="oc-1e8">
         <name>.debug_info</name>
         <load_address>0xcf1f</load_address>
         <run_address>0xcf1f</run_address>
         <size>0x1fe</size>
         <input_file_ref idref="fl-8a"/>
      </object_component>
      <object_component id="oc-1ed">
         <name>.debug_info</name>
         <load_address>0xd11d</load_address>
         <run_address>0xd11d</run_address>
         <size>0x199</size>
         <input_file_ref idref="fl-92"/>
      </object_component>
      <object_component id="oc-1f2">
         <name>.debug_info</name>
         <load_address>0xd2b6</load_address>
         <run_address>0xd2b6</run_address>
         <size>0x7e</size>
         <input_file_ref idref="fl-8a"/>
      </object_component>
      <object_component id="oc-1f8">
         <name>.debug_info</name>
         <load_address>0xd334</load_address>
         <run_address>0xd334</run_address>
         <size>0x88</size>
         <input_file_ref idref="fl-9f"/>
      </object_component>
      <object_component id="oc-1fe">
         <name>.debug_info</name>
         <load_address>0xd3bc</load_address>
         <run_address>0xd3bc</run_address>
         <size>0x131</size>
         <input_file_ref idref="fl-8a"/>
      </object_component>
      <object_component id="oc-208">
         <name>.debug_info</name>
         <load_address>0xd4ed</load_address>
         <run_address>0xd4ed</run_address>
         <size>0xa9</size>
         <input_file_ref idref="fl-91"/>
      </object_component>
      <object_component id="oc-20a">
         <name>.debug_info</name>
         <load_address>0xd596</load_address>
         <run_address>0xd596</run_address>
         <size>0x146</size>
         <input_file_ref idref="fl-ab"/>
      </object_component>
      <object_component id="oc-20f">
         <name>.debug_info</name>
         <load_address>0xd6dc</load_address>
         <run_address>0xd6dc</run_address>
         <size>0xfe</size>
         <input_file_ref idref="fl-aa"/>
      </object_component>
      <object_component id="oc-211">
         <name>.debug_info</name>
         <load_address>0xd7da</load_address>
         <run_address>0xd7da</run_address>
         <size>0x140</size>
         <input_file_ref idref="fl-aa"/>
      </object_component>
      <object_component id="oc-215">
         <name>.debug_info</name>
         <load_address>0xd91a</load_address>
         <run_address>0xd91a</run_address>
         <size>0x140</size>
         <input_file_ref idref="fl-aa"/>
      </object_component>
      <object_component id="oc-21a">
         <name>.debug_info</name>
         <load_address>0xda5a</load_address>
         <run_address>0xda5a</run_address>
         <size>0xf0</size>
         <input_file_ref idref="fl-aa"/>
      </object_component>
      <object_component id="oc-221">
         <name>.debug_info</name>
         <load_address>0xdb4a</load_address>
         <run_address>0xdb4a</run_address>
         <size>0x1b5</size>
         <input_file_ref idref="fl-a2"/>
      </object_component>
      <object_component id="oc-225">
         <name>.debug_info</name>
         <load_address>0xdcff</load_address>
         <run_address>0xdcff</run_address>
         <size>0x12a</size>
         <input_file_ref idref="fl-a2"/>
      </object_component>
      <object_component id="oc-229">
         <name>.debug_info</name>
         <load_address>0xde29</load_address>
         <run_address>0xde29</run_address>
         <size>0x14a</size>
         <input_file_ref idref="fl-a2"/>
      </object_component>
      <object_component id="oc-22d">
         <name>.debug_info</name>
         <load_address>0xdf73</load_address>
         <run_address>0xdf73</run_address>
         <size>0x14c</size>
         <input_file_ref idref="fl-a2"/>
      </object_component>
      <object_component id="oc-231">
         <name>.debug_info</name>
         <load_address>0xe0bf</load_address>
         <run_address>0xe0bf</run_address>
         <size>0x154</size>
         <input_file_ref idref="fl-a2"/>
      </object_component>
      <object_component id="oc-235">
         <name>.debug_info</name>
         <load_address>0xe213</load_address>
         <run_address>0xe213</run_address>
         <size>0x191</size>
         <input_file_ref idref="fl-a2"/>
      </object_component>
      <object_component id="oc-239">
         <name>.debug_info</name>
         <load_address>0xe3a4</load_address>
         <run_address>0xe3a4</run_address>
         <size>0x2db</size>
         <input_file_ref idref="fl-a2"/>
      </object_component>
      <object_component id="oc-241">
         <name>.debug_info</name>
         <load_address>0xe67f</load_address>
         <run_address>0xe67f</run_address>
         <size>0x157</size>
         <input_file_ref idref="fl-9c"/>
      </object_component>
      <object_component id="oc-24a">
         <name>.debug_info</name>
         <load_address>0xe7d6</load_address>
         <run_address>0xe7d6</run_address>
         <size>0x11b</size>
         <input_file_ref idref="fl-9a"/>
      </object_component>
      <object_component id="oc-24e">
         <name>.debug_info</name>
         <load_address>0xe8f1</load_address>
         <run_address>0xe8f1</run_address>
         <size>0x125</size>
         <input_file_ref idref="fl-96"/>
      </object_component>
      <object_component id="oc-252">
         <name>.debug_info</name>
         <load_address>0xea16</load_address>
         <run_address>0xea16</run_address>
         <size>0x1d9</size>
         <input_file_ref idref="fl-82"/>
      </object_component>
      <object_component id="oc-258">
         <name>.debug_info</name>
         <load_address>0xebef</load_address>
         <run_address>0xebef</run_address>
         <size>0xc9</size>
         <input_file_ref idref="fl-93"/>
      </object_component>
      <object_component id="oc-25c">
         <name>.debug_info</name>
         <load_address>0xecb8</load_address>
         <run_address>0xecb8</run_address>
         <size>0x163</size>
         <input_file_ref idref="fl-97"/>
      </object_component>
      <object_component id="oc-260">
         <name>.debug_info</name>
         <load_address>0xee1b</load_address>
         <run_address>0xee1b</run_address>
         <size>0x1e8</size>
         <input_file_ref idref="fl-98"/>
      </object_component>
      <object_component id="oc-267">
         <name>.debug_info</name>
         <load_address>0xf003</load_address>
         <run_address>0xf003</run_address>
         <size>0x11c</size>
         <input_file_ref idref="fl-9b"/>
      </object_component>
      <object_component id="oc-26b">
         <name>.debug_info</name>
         <load_address>0xf11f</load_address>
         <run_address>0xf11f</run_address>
         <size>0x11d</size>
         <input_file_ref idref="fl-9b"/>
      </object_component>
      <object_component id="oc-26f">
         <name>.debug_info</name>
         <load_address>0xf23c</load_address>
         <run_address>0xf23c</run_address>
         <size>0xab</size>
         <input_file_ref idref="fl-91"/>
      </object_component>
      <object_component id="oc-271">
         <name>.debug_info</name>
         <load_address>0xf2e7</load_address>
         <run_address>0xf2e7</run_address>
         <size>0x1d2</size>
         <input_file_ref idref="fl-ab"/>
      </object_component>
      <object_component id="oc-278">
         <name>.debug_info</name>
         <load_address>0xf4b9</load_address>
         <run_address>0xf4b9</run_address>
         <size>0xaa</size>
         <input_file_ref idref="fl-a2"/>
      </object_component>
      <object_component id="oc-27a">
         <name>.debug_info</name>
         <load_address>0xf563</load_address>
         <run_address>0xf563</run_address>
         <size>0x1d2</size>
         <input_file_ref idref="fl-a3"/>
      </object_component>
      <object_component id="oc-27e">
         <name>.debug_info</name>
         <load_address>0xf735</load_address>
         <run_address>0xf735</run_address>
         <size>0x1a5</size>
         <input_file_ref idref="fl-a3"/>
      </object_component>
      <object_component id="oc-282">
         <name>.debug_info</name>
         <load_address>0xf8da</load_address>
         <run_address>0xf8da</run_address>
         <size>0x15e</size>
         <input_file_ref idref="fl-a2"/>
      </object_component>
      <object_component id="oc-28a">
         <name>.debug_info</name>
         <load_address>0xfa38</load_address>
         <run_address>0xfa38</run_address>
         <size>0xe6</size>
         <input_file_ref idref="fl-9c"/>
      </object_component>
      <object_component id="oc-28c">
         <name>.debug_info</name>
         <load_address>0xfb1e</load_address>
         <run_address>0xfb1e</run_address>
         <size>0x46</size>
         <input_file_ref idref="fl-9a"/>
      </object_component>
      <object_component id="oc-292">
         <name>.debug_info</name>
         <load_address>0xfb64</load_address>
         <run_address>0xfb64</run_address>
         <size>0x7f</size>
         <input_file_ref idref="fl-92"/>
      </object_component>
      <object_component id="oc-29a">
         <name>.debug_info</name>
         <load_address>0xfbe3</load_address>
         <run_address>0xfbe3</run_address>
         <size>0x11f</size>
         <input_file_ref idref="fl-9a"/>
      </object_component>
      <object_component id="oc-29e">
         <name>.debug_info</name>
         <load_address>0xfd02</load_address>
         <run_address>0xfd02</run_address>
         <size>0x10d</size>
         <input_file_ref idref="fl-98"/>
      </object_component>
      <object_component id="oc-2a4">
         <name>.debug_info</name>
         <load_address>0xfe0f</load_address>
         <run_address>0xfe0f</run_address>
         <size>0x254</size>
         <input_file_ref idref="fl-9b"/>
      </object_component>
      <object_component id="oc-2af">
         <name>.debug_info</name>
         <load_address>0x10063</load_address>
         <run_address>0x10063</run_address>
         <size>0xaf</size>
         <input_file_ref idref="fl-a3"/>
      </object_component>
      <object_component id="oc-2b1">
         <name>.debug_info</name>
         <load_address>0x10112</load_address>
         <run_address>0x10112</run_address>
         <size>0xc9</size>
         <input_file_ref idref="fl-a3"/>
      </object_component>
      <object_component id="oc-2b7">
         <name>.debug_info</name>
         <load_address>0x101db</load_address>
         <run_address>0x101db</run_address>
         <size>0xf4</size>
         <input_file_ref idref="fl-9a"/>
      </object_component>
      <object_component id="oc-2bb">
         <name>.debug_info</name>
         <load_address>0x102cf</load_address>
         <run_address>0x102cf</run_address>
         <size>0x1cc</size>
         <input_file_ref idref="fl-9b"/>
      </object_component>
      <object_component id="oc-2f0">
         <name>.debug_info</name>
         <load_address>0x1049b</load_address>
         <run_address>0x1049b</run_address>
         <size>0xb8</size>
      </object_component>
      <object_component id="oc-1a">
         <name>.debug_line</name>
         <load_address>0x0</load_address>
         <run_address>0x0</run_address>
         <size>0x109</size>
         <input_file_ref idref="fl-9"/>
      </object_component>
      <object_component id="oc-1d">
         <name>.debug_line</name>
         <load_address>0x109</load_address>
         <run_address>0x109</run_address>
         <size>0x40</size>
         <input_file_ref idref="fl-82"/>
      </object_component>
      <object_component id="oc-21">
         <name>.debug_line</name>
         <load_address>0x149</load_address>
         <run_address>0x149</run_address>
         <size>0x4b</size>
         <input_file_ref idref="fl-83"/>
      </object_component>
      <object_component id="oc-25">
         <name>.debug_line</name>
         <load_address>0x194</load_address>
         <run_address>0x194</run_address>
         <size>0x59</size>
[...]
      <symbol id="sm-53">
         <name>ConfigureIntGPIO</name>
         <value>0x80005494</value>
         <object_component_ref idref="oc-72"/>
      </symbol>
      <symbol id="sm-54">
         <name>GPIOBankPinInit</name>
         <value>0x800053ac</value>
         <object_component_ref idref="oc-72"/>
      </symbol>
      <symbol id="sm-97">
         <name>IntEventCombineRegister</name>
         <value>0x80001f40</value>
         <object_component_ref idref="oc-b3"/>
      </symbol>
      <symbol id="sm-98">
         <name>IntEventMap</name>
         <value>0x80001ea8</value>
         <object_component_ref idref="oc-b3"/>
      </symbol>
      <symbol id="sm-99">
         <name>_c674x_mask_int9_isr</name>
         <value>0x80000384</value>
         <object_component_ref idref="oc-2b"/>
      </symbol>
      <symbol id="sm-9a">
         <name>IntUnRegister</name>
         <value>0x80001e18</value>
         <object_component_ref idref="oc-b3"/>
      </symbol>
      <symbol id="sm-9b">
         <name>IntEnable</name>
         <value>0x80001f50</value>
         <object_component_ref idref="oc-b3"/>
      </symbol>
      <symbol id="sm-9c">
         <name>_c674x_mask_int8_isr</name>
         <value>0x800004b0</value>
         <object_component_ref idref="oc-2b"/>
      </symbol>
      <symbol id="sm-9d">
         <name>IntGlobalRestore</name>
         <value>0x80001e48</value>
         <object_component_ref idref="oc-b3"/>
      </symbol>
      <symbol id="sm-9e">
         <name>_c674x_mask_int11_isr</name>
         <value>0x80000f3c</value>
         <object_component_ref idref="oc-2b"/>
      </symbol>
      <symbol id="sm-9f">
         <name>IntGlobalEnable</name>
         <value>0x80001e78</value>
         <object_component_ref idref="oc-b3"/>
      </symbol>
      <symbol id="sm-a0">
         <name>IntEventClear</name>
         <value>0x80002108</value>
         <object_component_ref idref="oc-b3"/>
      </symbol>
      <symbol id="sm-a1">
         <name>_c674x_mask_int7_isr</name>
         <value>0x800005dc</value>
         <object_component_ref idref="oc-2b"/>
      </symbol>
      <symbol id="sm-a2">
         <name>_c674x_mask_int10_isr</name>
         <value>0x80001068</value>
         <object_component_ref idref="oc-2b"/>
      </symbol>
      <symbol id="sm-a3">
         <name>_c674x_mask_int6_isr</name>
         <value>0x80000708</value>
         <object_component_ref idref="oc-2b"/>
      </symbol>
      <symbol id="sm-a4">
         <name>ExcCombineRemove</name>
         <value>0x800021b8</value>
         <object_component_ref idref="oc-b3"/>
      </symbol>
      <symbol id="sm-a5">
         <name>_c674x_mask_int13_isr</name>
         <value>0x80000ce4</value>
         <object_component_ref idref="oc-2b"/>
      </symbol>
      <symbol id="sm-a6">
         <name>IntDisable</name>
         <value>0x80002128</value>
         <object_component_ref idref="oc-b3"/>
      </symbol>
      <symbol id="sm-a7">
         <name>IntRegister</name>
         <value>0x80001e68</value>
         <object_component_ref idref="oc-b3"/>
      </symbol>
      <symbol id="sm-a8">
         <name>ExcCombineAdd</name>
         <value>0x800021e8</value>
         <object_component_ref idref="oc-b3"/>
      </symbol>
      <symbol id="sm-a9">
         <name>IntGlobalDisable</name>
         <value>0x80001e34</value>
         <object_component_ref idref="oc-b3"/>
      </symbol>
      <symbol id="sm-aa">
         <name>_c674x_rsvd_int3_isr</name>
         <value>0x80000000</value>
         <object_component_ref idref="oc-2b"/>
      </symbol>
      <symbol id="sm-ab">
         <name>_c674x_nmi_isr</name>
         <value>0x80000258</value>
         <object_component_ref idref="oc-2b"/>
      </symbol>
      <symbol id="sm-ac">
         <name>_c674x_mask_int5_isr</name>
         <value>0x80000834</value>
         <object_component_ref idref="oc-2b"/>
      </symbol>
      <symbol id="sm-ad">
         <name>_c674x_mask_int12_isr</name>
         <value>0x80000e10</value>
         <object_component_ref idref="oc-2b"/>
      </symbol>
      <symbol id="sm-ae">
         <name>ExcGlobalEnable</name>
         <value>0x800021a0</value>
         <object_component_ref idref="oc-b3"/>
      </symbol>
      <symbol id="sm-af">
         <name>_c674x_rsvd_int2_isr</name>
         <value>0x8000012c</value>
         <object_component_ref idref="oc-2b"/>
      </symbol>
      <symbol id="sm-b0">
         <name>_c674x_mask_int4_isr</name>
         <value>0x80000960</value>
         <object_component_ref idref="oc-2b"/>
      </symbol>
      <symbol id="sm-b1">
         <name>IntDSPINTCInit</name>
         <value>0x8000214c</value>
         <object_component_ref idref="oc-b3"/>
      </symbol>
      <symbol id="sm-b2">
         <name>IntEventCombineInit</name>
         <value>0x80001f74</value>
         <object_component_ref idref="oc-b3"/>
      </symbol>
      <symbol id="sm-b3">
         <name>_c674x_mask_int15_isr</name>
         <value>0x80000a8c</value>
         <object_component_ref idref="oc-2b"/>
      </symbol>
      <symbol id="sm-b4">
         <name>IntEventSet</name>
         <value>0x80001e88</value>
         <object_component_ref idref="oc-b3"/>
      </symbol>
      <symbol id="sm-b5">
         <name>IntEventCombineAdd</name>
         <value>0x800020c8</value>
         <object_component_ref idref="oc-b3"/>
      </symbol>
      <symbol id="sm-b6">
         <name>_c674x_mask_int14_isr</name>
         <value>0x80000bb8</value>
         <object_component_ref idref="oc-2b"/>
      </symbol>
      <symbol id="sm-b7">
         <name>IntEventCombineRemove</name>
         <value>0x80001f00</value>
         <object_component_ref idref="oc-b3"/>
      </symbol>
      <symbol id="sm-b8">
         <name>IntReset</name>
         <value>0x80001e50</value>
         <object_component_ref idref="oc-b3"/>
      </symbol>
      <symbol id="sm-bf">
         <name>_intcVectorTable</name>
         <value>0x80004c00</value>
         <object_component_ref idref="oc-18"/>
      </symbol>
      <symbol id="sm-d2">
         <name>GPIOPinIntClear</name>
         <value>0x80003530</value>
         <object_component_ref idref="oc-af"/>
      </symbol>
      <symbol id="sm-d3">
         <name>GPIODirModeGet</name>
         <value>0x80003690</value>
         <object_component_ref idref="oc-af"/>
      </symbol>
      <symbol id="sm-d4">
         <name>GPIOIntTypeSet</name>
         <value>0x80003554</value>
         <object_component_ref idref="oc-af"/>
      </symbol>
      <symbol id="sm-d5">
         <name>GPIOIntTypeGet</name>
         <value>0x800035f0</value>
         <object_component_ref idref="oc-af"/>
      </symbol>
      <symbol id="sm-d6">
         <name>GPIOPinRead</name>
         <value>0x800034cc</value>
         <object_component_ref idref="oc-af"/>
      </symbol>
      <symbol id="sm-d7">
         <name>GPIODirModeSet</name>
         <value>0x80003634</value>
         <object_component_ref idref="oc-af"/>
      </symbol>
      <symbol id="sm-d8">
         <name>GPIOBankPinsWrite</name>
         <value>0x800036c0</value>
         <object_component_ref idref="oc-af"/>
      </symbol>
      <symbol id="sm-d9">
         <name>GPIOPinWrite</name>
         <value>0x80003480</value>
         <object_component_ref idref="oc-af"/>
      </symbol>
      <symbol id="sm-da">
         <name>GPIOBankIntEnable</name>
         <value>0x80003700</value>
         <object_component_ref idref="oc-af"/>
      </symbol>
      <symbol id="sm-db">
         <name>GPIOBankIntDisable</name>
         <value>0x80003718</value>
         <object_component_ref idref="oc-af"/>
      </symbol>
      <symbol id="sm-dc">
         <name>GPIOPinIntStatus</name>
         <value>0x80003500</value>
         <object_component_ref idref="oc-af"/>
      </symbol>
      <symbol id="sm-f7">
         <name>_c_int00</name>
         <value>0x800077c0</value>
         <object_component_ref idref="oc-17"/>
      </symbol>
      <symbol id="sm-f8">
         <name>_stack</name>
         <value>0x80007ce0</value>
         <object_component_ref idref="oc-2f"/>
      </symbol>
      <symbol id="sm-111">
         <name>__TI_decompress_none</name>
         <value>0x80007ca0</value>
         <object_component_ref idref="oc-1f"/>
      </symbol>
      <symbol id="sm-132">
         <name>__TI_decompress_rle24</name>
         <value>0x80007cc0</value>
         <object_component_ref idref="oc-27"/>
      </symbol>
      <symbol id="sm-142">
         <name>__TI_zero_init</name>
         <value>0x80006640</value>
         <object_component_ref idref="oc-23"/>
      </symbol>
      <symbol id="sm-161">
         <name>C$$EXIT</name>
         <value>0x80007c80</value>
         <object_component_ref idref="oc-7f"/>
      </symbol>
      <symbol id="sm-162">
         <name>_dtors_ptr</name>
         <value>0x80009364</value>
         <object_component_ref idref="oc-7d"/>
      </symbol>
      <symbol id="sm-163">
         <name>abort</name>
         <value>0x80007c80</value>
         <object_component_ref idref="oc-7f"/>
      </symbol>
      <symbol id="sm-164">
         <name>_cleanup_ptr</name>
         <value>0x80009360</value>
         <object_component_ref idref="oc-7d"/>
      </symbol>
      <symbol id="sm-165">
         <name>exit</name>
         <value>0x80006e40</value>
         <object_component_ref idref="oc-3b"/>
      </symbol>
      <symbol id="sm-166">
         <name>__TI_enable_exit_profile_output</name>
         <value>0x80009368</value>
         <object_component_ref idref="oc-7d"/>
      </symbol>
      <symbol id="sm-16d">
         <name>memcpy</name>
         <value>0x800074c0</value>
         <object_component_ref idref="oc-41"/>
      </symbol>
      <symbol id="sm-192">
         <name>printf</name>
         <value>0x800068e0</value>
         <object_component_ref idref="oc-b7"/>
      </symbol>
      <symbol id="sm-1a0">
         <name>_nop</name>
         <value>0x80007c20</value>
         <object_component_ref idref="oc-fb"/>
      </symbol>
      <symbol id="sm-1a1">
         <name>_lock</name>
         <value>0x80009378</value>
         <object_component_ref idref="oc-e7"/>
      </symbol>
      <symbol id="sm-1a2">
         <name>_unlock</name>
         <value>0x8000937c</value>
         <object_component_ref idref="oc-e7"/>
      </symbol>
      <symbol id="sm-2e8">
         <name>_printfi</name>
         <value>0x80002220</value>
         <object_component_ref idref="oc-f3"/>
      </symbol>
      <symbol id="sm-2ef">
         <name>_args_main</name>
         <value>0x80007bc0</value>
         <object_component_ref idref="oc-37"/>
      </symbol>
      <symbol id="sm-2fd">
         <name>atoi</name>
         <value>0x80006480</value>
         <object_component_ref idref="oc-147"/>
      </symbol>
      <symbol id="sm-309">
         <name>_auto_init_elf</name>
         <value>0x800060a0</value>
         <object_component_ref idref="oc-33"/>
      </symbol>
      <symbol id="sm-313">
         <name>__TI_cpp_init</name>
         <value>0x80007940</value>
         <object_component_ref idref="oc-6d"/>
      </symbol>
      <symbol id="sm-328">
         <name>copy_in</name>
         <value>0x800062a0</value>
         <object_component_ref idref="oc-65"/>
      </symbol>
      <symbol id="sm-331">
         <name>_ctypes_</name>
         <value>0x80009388</value>
         <object_component_ref idref="oc-17d"/>
      </symbol>
      <symbol id="sm-342">
         <name>_tmpnams</name>
         <value>0x80008f20</value>
         <object_component_ref idref="oc-26e"/>
      </symbol>
      <symbol id="sm-343">
         <name>_ftable</name>
         <value>0x80009068</value>
         <object_component_ref idref="oc-e9"/>
      </symbol>
      <symbol id="sm-344">
         <name>_ft_end</name>
         <value>0x80009380</value>
         <object_component_ref idref="oc-207"/>
      </symbol>
      <symbol id="sm-358">
         <name>__c6xabi_divd</name>
         <value>0x80001760</value>
         <object_component_ref idref="oc-1ec"/>
      </symbol>
      <symbol id="sm-360">
         <name>__c6xabi_divu</name>
         <value>0x80006c00</value>
         <object_component_ref idref="oc-257"/>
      </symbol>
      <symbol id="sm-361">
         <name>__divu</name>
         <value>0x80006c00</value>
         <object_component_ref idref="oc-257"/>
      </symbol>
      <symbol id="sm-381">
         <name>fputc</name>
         <value>0x80004820</value>
         <object_component_ref idref="oc-10a"/>
      </symbol>
      <symbol id="sm-3a5">
         <name>fputs</name>
         <value>0x80002ae0</value>
         <object_component_ref idref="oc-105"/>
      </symbol>
      <symbol id="sm-3ac">
         <name>__c6xabi_frcmpyd_div</name>
         <value>0x80007ac0</value>
         <object_component_ref idref="oc-24d"/>
      </symbol>
      <symbol id="sm-3b5">
         <name>__c6xabi_divul</name>
         <value>0x80005200</value>
         <object_component_ref idref="oc-25b"/>
      </symbol>
      <symbol id="sm-3c9">
         <name>_subcull</name>
         <value>0x800079a0</value>
         <object_component_ref idref="oc-29d"/>
      </symbol>
      <symbol id="sm-3ca">
         <name>__c6xabi_divull</name>
         <value>0x80003f00</value>
         <object_component_ref idref="oc-25f"/>
      </symbol>
      <symbol id="sm-3d1">
         <name>__c6xabi_isinf</name>
         <value>0x80007b00</value>
         <object_component_ref idref="oc-185"/>
      </symbol>
      <symbol id="sm-3e7">
         <name>__c6xabi_llshru</name>
         <value>0x80007b80</value>
         <object_component_ref idref="oc-249"/>
      </symbol>
      <symbol id="sm-3e8">
         <name>__c6xabi_llshl</name>
         <value>0x80007740</value>
         <object_component_ref idref="oc-299"/>
      </symbol>
      <symbol id="sm-43c">
         <name>lseek</name>
         <value>0x80007420</value>
         <object_component_ref idref="oc-1a5"/>
      </symbol>
      <symbol id="sm-43d">
         <name>write</name>
         <value>0x800076a0</value>
         <object_component_ref idref="oc-13a"/>
      </symbol>
      <symbol id="sm-43e">
         <name>close</name>
         <value>0x80006560</value>
         <object_component_ref idref="oc-266"/>
      </symbol>
      <symbol id="sm-43f">
         <name>unlink</name>
         <value>0x800078c0</value>
         <object_component_ref idref="oc-26a"/>
      </symbol>
      <symbol id="sm-449">
         <name>ltoa</name>
         <value>0x80006720</value>
         <object_component_ref idref="oc-240"/>
      </symbol>
      <symbol id="sm-456">
         <name>memccpy</name>
         <value>0x80007a00</value>
         <object_component_ref idref="oc-154"/>
      </symbol>
      <symbol id="sm-461">
         <name>memset</name>
         <value>0x80006800</value>
         <object_component_ref idref="oc-143"/>
      </symbol>
      <symbol id="sm-46d">
         <name>__c6xabi_negll</name>
         <value>0x80007c00</value>
         <object_component_ref idref="oc-19a"/>
      </symbol>
      <symbol id="sm-47a">
         <name>__TI_tls_init</name>
         <value>0x80006f00</value>
         <object_component_ref idref="oc-69"/>
      </symbol>
      <symbol id="sm-4b8">
         <name>HOSTrename</name>
         <value>0x80005540</value>
         <object_component_ref idref="oc-238"/>
      </symbol>
      <symbol id="sm-4b9">
         <name>HOSTclose</name>
         <value>0x80006fc0</value>
         <object_component_ref idref="oc-224"/>
      </symbol>
      <symbol id="sm-4ba">
         <name>HOSTunlink</name>
         <value>0x80006a80</value>
         <object_component_ref idref="oc-234"/>
      </symbol>
      <symbol id="sm-4bb">
         <name>HOSTlseek</name>
         <value>0x80005fa0</value>
         <object_component_ref idref="oc-230"/>
      </symbol>
      <symbol id="sm-4bc">
         <name>HOSTopen</name>
         <value>0x800063a0</value>
         <object_component_ref idref="oc-220"/>
      </symbol>
      <symbol id="sm-4bd">
         <name>HOSTwrite</name>
         <value>0x80006b40</value>
         <object_component_ref idref="oc-22c"/>
      </symbol>
      <symbol id="sm-4be">
         <name>HOSTread</name>
         <value>0x800069c0</value>
         <object_component_ref idref="oc-228"/>
      </symbol>
      <symbol id="sm-4d3">
         <name>writemsg</name>
         <value>0x80007a60</value>
         <object_component_ref idref="oc-279"/>
      </symbol>
      <symbol id="sm-4d4">
         <name>C$$IO$$</name>
         <value>0x80007ab8</value>
         <object_component_ref idref="oc-279"/>
      </symbol>
      <symbol id="sm-4d5">
         <name>__CIOBUF_</name>
         <value>0x800094c0</value>
         <object_component_ref idref="oc-2ae"/>
      </symbol>
      <symbol id="sm-4d6">
         <name>readmsg</name>
         <value>0x80007840</value>
         <object_component_ref idref="oc-27d"/>
      </symbol>
      <symbol id="sm-4e5">
         <name>_wrt_ok</name>
         <value>0x800061a0</value>
         <object_component_ref idref="oc-132"/>
      </symbol>
      <symbol id="sm-4f3">
         <name>_doflush</name>
         <value>0x80006d80</value>
         <object_component_ref idref="oc-136"/>
      </symbol>
      <symbol id="sm-504">
         <name>fseek</name>
         <value>0x80005e80</value>
         <object_component_ref idref="oc-162"/>
      </symbol>
      <symbol id="sm-51a">
         <name>setvbuf</name>
         <value>0x80005000</value>
         <object_component_ref idref="oc-166"/>
      </symbol>
      <symbol id="sm-525">
         <name>_cleanup</name>
         <value>0x80007060</value>
         <object_component_ref idref="oc-1ab"/>
      </symbol>
      <symbol id="sm-576">
         <name>_sys_memory</name>
         <value>0x800084e0</value>
         <object_component_ref idref="oc-31"/>
      </symbol>
      <symbol id="sm-577">
         <name>free</name>
         <value>0x80003c80</value>
         <object_component_ref idref="oc-1af"/>
      </symbol>
      <symbol id="sm-578">
         <name>malloc</name>
         <value>0x80005840</value>
         <object_component_ref idref="oc-1b3"/>
      </symbol>
      <symbol id="sm-579">
         <name>_minit</name>
         <value>0x80007240</value>
         <object_component_ref idref="oc-219"/>
      </symbol>
      <symbol id="sm-58b">
         <name>_closefile</name>
         <value>0x80005c40</value>
         <object_component_ref idref="oc-209"/>
      </symbol>
      <symbol id="sm-58d">
         <name>__TI_STATIC_BASE</name>
         <value>0x0</value>
      </symbol>
      <symbol id="sm-58e">
         <name>__TI_args_main</name>
         <value>0x1</value>
      </symbol>
      <symbol id="sm-58f">
         <name>__TI_INITARRAY_Base</name>
         <value>0x0</value>
      </symbol>
      <symbol id="sm-590">
         <name>__TI_INITARRAY_Limit</name>
         <value>0x0</value>
      </symbol>
      <symbol id="sm-591">
         <name>__TI_TLS_INIT_Base</name>
         <value>0x0</value>
      </symbol>
      <symbol id="sm-592">
         <name>__TI_TLS_INIT_Limit</name>
         <value>0x0</value>
      </symbol>
      <symbol id="sm-595">
         <name>remove</name>
         <value>0x800078c0</value>
      </symbol>
   </symbol_table>
</link_info>
