******************************************************************************
               TMS320C6x Linker PC v7.4.4                      
******************************************************************************
>> Linked Fri Aug 12 09:34:57 2016

OUTPUT FILE NAME:   <button.out>
ENTRY POINT SYMBOL: "_c_int00"  address: 800077c0


MEMORY CONFIGURATION

         name            origin    length      used     unused   attr    fill
----------------------  --------  ---------  --------  --------  ----  --------
  DSPL2ROM              00700000   00100000  00000000  00100000  RWIX
  DSPL2RAM              00800000   00040000  00000000  00040000  RWIX
  DSPL1PRAM             00e00000   00008000  00000000  00008000  RWIX
  DSPL1DRAM             00f00000   00008000  00000000  00008000  RWIX
  SHDSPL2ROM            11700000   00100000  00000000  00100000  RWIX
  SHDSPL2RAM            11800000   00040000  00000000  00040000  RWIX
  SHDSPL1PRAM           11e00000   00008000  00000000  00008000  RWIX
  SHDSPL1DRAM           11f00000   00008000  00000000  00008000  RWIX
  EMIFACS0              40000000   20000000  00000000  20000000  RWIX
  EMIFACS2              60000000   02000000  00000000  02000000  RWIX
  EMIFACS3              62000000   02000000  00000000  02000000  RWIX
  EMIFACS4              64000000   02000000  00000000  02000000  RWIX
  EMIFACS5              66000000   02000000  00000000  02000000  RWIX
  SHRAM                 80000000   00020000  00009684  0001697c  RWIX
  DDR2                  c0000000   20000000  00000000  20000000  RWIX


SEGMENT ALLOCATION MAP

run origin  load origin   length   init length attrs members
----------  ----------- ---------- ----------- ----- -------
80000000    80000000    00007ce0   00007ce0    r-x
  80000000    80000000    00007ce0   00007ce0    r-x .text
80007ce0    80007ce0    00001388   00000000    rw-
  80007ce0    80007ce0    00000800   00000000    rw- .stack
  800084e0    800084e0    00000800   00000000    rw- .sysmem
  80008ce0    80008ce0    00000388   00000000    rw- .far
80009068    80009068    0000031c   0000031c    rw-
  80009068    80009068    0000031c   0000031c    rw- .fardata
80009388    80009388    00000138   00000138    r--
  80009388    80009388    00000138   00000138    r-- .const
800094c0    800094c0    00000120   00000000    rw-
  800094c0    800094c0    00000120   00000000    rw- .cio
800095e0    800095e0    000000a8   000000a8    r--
  800095e0    800095e0    00000010   00000010    r-- .switch
  800095f0    800095f0    00000098   00000098    r-- .cinit


SECTION ALLOCATION MAP

 output                                  attributes/
section   page    origin      length       input sections
--------  ----  ----------  ----------   ----------------
.init_array 
*          0    80000000    00000000     UNINITIALIZED

.text      0    80000000    00007ce0     
                  80000000    000011a0     SystemConfig.lib : interrupt.obj (.text:retain)
                  800011a0    000005c0     rts6740_elf.lib : _printfi.obj (.text:_getarg_diouxp)
                  80001760    000005a0                     : divd.obj (.text:__c6xabi_divd)
                  80001d00    00000520     SystemConfig.lib : interrupt.obj (.text)
                  80002220    00000460     rts6740_elf.lib : _printfi.obj (.text:_printfi)
                  80002680    00000460                     : _printfi.obj (.text:_setfield)
                  80002ae0    000003a0                     : fputs.obj (.text:fputs)
                  80002e80    00000320                     : _printfi.obj (.text:_pproc_fge)
                  800031a0    000002e0                     : _printfi.obj (.text:_pproc_fwp)
                  80003480    000002c0     drivers.lib : gpio.obj (.text)
                  80003740    000002a0     rts6740_elf.lib : _printfi.obj (.text:ecvt)
                  800039e0    000002a0                     : _printfi.obj (.text:fcvt)
                  80003c80    00000280                     : memory.obj (.text:free)
                  80003f00    00000260                     : imath64.obj (.text:__c6xabi_divull)
                  80004160    00000260                     : _printfi.obj (.text:_pconv_e)
                  800043c0    00000240                     : _printfi.obj (.text:_pproc_diouxp)
                  80004600    00000220                     : _printfi.obj (.text:_pproc_str)
                  80004820    00000220                     : fputc.obj (.text:fputc)
                  80004a40    000001c0                     : _printfi.obj (.text:_mcpy)
                  80004c00    00000200     SystemConfig.lib : intvecs.obj (.text)
                  80004e00    00000200     rts6740_elf.lib : _printfi.obj (.text:_pconv_g)
                  80005000    00000200                     : setvbuf.obj (.text:setvbuf)
                  80005200    000001a0                     : imath40.obj (.text:__c6xabi_divul)
                  800053a0    000001a0     main.obj (.text)
                  80005540    00000180     rts6740_elf.lib : trgdrv.obj (.text:HOSTrename)
                  800056c0    00000180                     : copy_decompress_rle.obj (.text:__TI_decompress_rle_core)
                  80005840    00000180                     : memory.obj (.text:malloc)
                  800059c0    00000140                     : _printfi.obj (.text:_pproc_fflags)
                  80005b00    00000140                     : lowlev.obj (.text:getdevice)
                  80005c40    00000120                     : fclose.obj (.text:_closefile)
                  80005d60    00000120                     : _printfi.obj (.text:_ltostr)
                  80005e80    00000120                     : fseek.obj (.text:fseek)
                  80005fa0    00000100                     : trgdrv.obj (.text:HOSTlseek)
                  800060a0    00000100                     : autoinit.obj (.text:_auto_init_elf)
                  800061a0    00000100                     : _io_perm.obj (.text:_wrt_ok)
                  800062a0    00000100                     : cpy_tbl.obj (.text:copy_in)
                  800063a0    000000e0                     : trgdrv.obj (.text:HOSTopen)
                  80006480    000000e0                     : atoi.obj (.text:atoi)
                  80006560    000000e0                     : lowlev.obj (.text:close)
                  80006640    000000e0                     : copy_zero_init.obj (.text:decompress:ZI:__TI_zero_init)
                  80006720    000000e0                     : ltoa.obj (.text:ltoa)
                  80006800    000000e0                     : memset.obj (.text:memset)
                  800068e0    000000e0                     : printf.obj (.text:printf)
                  800069c0    000000c0                     : trgdrv.obj (.text:HOSTread)
                  80006a80    000000c0                     : trgdrv.obj (.text:HOSTunlink)
                  80006b40    000000c0                     : trgdrv.obj (.text:HOSTwrite)
                  80006c00    000000c0                     : divu.obj (.text:__divu)
                  80006cc0    000000c0                     : _printfi.obj (.text:_div)
                  80006d80    000000c0                     : fflush.obj (.text:_doflush)
                  80006e40    000000c0                     : exit.obj (.text:exit)
                  80006f00    000000c0                     : tls.obj (.text:tls:init:__TI_tls_init)
                  80006fc0    000000a0                     : trgdrv.obj (.text:HOSTclose)
                  80007060    000000a0                     : fopen.obj (.text:_cleanup)
                  80007100    000000a0                     : _printfi.obj (.text:_ecpy)
                  800071a0    000000a0                     : _printfi.obj (.text:_fcpy)
                  80007240    000000a0                     : memory.obj (.text:_minit)
                  800072e0    000000a0                     : _printfi.obj (.text:_pconv_f)
                  80007380    000000a0                     : lowlev.obj (.text:finddevice)
                  80007420    000000a0                     : lowlev.obj (.text:lseek)
                  800074c0    000000a0                     : memcpy64.obj (.text:memcpy)
                  80007560    000000a0                     : memory.obj (.text:minsert)
                  80007600    000000a0                     : memory.obj (.text:mremove)
                  800076a0    000000a0                     : lowlev.obj (.text:write)
                  80007740    00000080                     : llshift.obj (.text:__c6xabi_llshl)
                  800077c0    00000080                     : boot.obj (.text:_c_int00)
                  80007840    00000080                     : trgmsg.obj (.text:readmsg)
                  800078c0    00000080                     : lowlev.obj (.text:unlink)
                  80007940    00000060                     : cpp_init.obj (.text:__TI_cpp_init)
                  800079a0    00000060                     : imath64.obj (.text:_subcull)
                  80007a00    00000060                     : memccpy.obj (.text:memccpy)
                  80007a60    00000060                     : trgmsg.obj (.text:writemsg)
                  80007ac0    00000040                     : frcmpyd_div.obj (.text:__c6xabi_frcmpyd_div)
                  80007b00    00000040                     : isinf.obj (.text:__c6xabi_isinf)
                  80007b40    00000040                     : _printfi.obj (.text:__c6xabi_isnan)
                  80007b80    00000040                     : llshift.obj (.text:__c6xabi_llshru)
                  80007bc0    00000040                     : args_main.obj (.text:_args_main)
                  80007c00    00000020                     : negll.obj (.text:__c6xabi_negll)
                  80007c20    00000020                     : _lock.obj (.text:_nop)
                  80007c40    00000020                     : printf.obj (.text:_outc)
                  80007c60    00000020                     : printf.obj (.text:_outs)
                  80007c80    00000020                     : exit.obj (.text:abort)
                  80007ca0    00000020                     : copy_decompress_none.obj (.text:decompress:none:__TI_decompress_none)
                  80007cc0    00000020                     : copy_decompress_rle.obj (.text:decompress:rle24:__TI_decompress_rle24)

.stack     0    80007ce0    00000800     UNINITIALIZED
                  80007ce0    00000008     rts6740_elf.lib : boot.obj (.stack)
                  80007ce8    000007f8     --HOLE--

.sysmem    0    800084e0    00000800     UNINITIALIZED
                  800084e0    00000008     rts6740_elf.lib : memory.obj (.sysmem)
                  800084e8    000007f8     --HOLE--

.far       0    80008ce0    00000388     UNINITIALIZED
                  80008ce0    00000240     SystemConfig.lib : interrupt.obj (.far)
                  80008f20    00000140     rts6740_elf.lib : defs.obj (.far)
                  80009060    00000008                     : trgdrv.obj (.far)

.fardata   0    80009068    0000031c     
                  80009068    000001e0     rts6740_elf.lib : defs.obj (.fardata:_ftable)
                  80009248    000000a0                     : lowlev.obj (.fardata:_stream)
                  800092e8    00000078                     : lowlev.obj (.fardata:_device)
                  80009360    0000000c                     : exit.obj (.fardata)
                  8000936c    0000000c                     : memory.obj (.fardata)
                  80009378    00000008                     : _lock.obj (.fardata)
                  80009380    00000004                     : defs.obj (.fardata)

.const     0    80009388    00000138     
                  80009388    00000101     rts6740_elf.lib : ctype.obj (.const:.string:_ctypes_)
                  80009489    00000023                     : _printfi.obj (.const:.string)
                  800094ac    00000014     main.obj (.const:.string)

.cio       0    800094c0    00000120     UNINITIALIZED
                  800094c0    00000120     rts6740_elf.lib : trgmsg.obj (.cio)

.switch    0    800095e0    00000010     
                  800095e0    00000010     drivers.lib : gpio.obj (.switch:GPIOIntTypeSet)

.cinit     0    800095f0    00000098     
                  800095f0    00000072     (.cinit..fardata.load) [load image, compression = rle]
                  80009662    00000002     --HOLE-- [fill = 0]
                  80009664    0000000c     (__TI_handler_table)
                  80009670    00000008     (.cinit..far.load) [load image, compression = zero_init]
                  80009678    00000010     (__TI_cinit_table)


LINKER GENERATED COPY TABLES

__TI_cinit_table @ 80009678 records: 2, size/record: 8, table size: 16
	.fardata: load addr=800095f0, load size=00000072 bytes, run addr=80009068, run size=0000031c bytes, compression=rle
	.far: load addr=80009670, load size=00000008 bytes, run addr=80008ce0, run size=00000388 bytes, compression=zero_init


LINKER GENERATED HANDLER TABLE

__TI_handler_table @ 80009664 records: 3, size/record: 4, table size: 12
	index: 0, handler: __TI_zero_init
	index: 1, handler: __TI_decompress_rle24
	index: 2, handler: __TI_decompress_none


GLOBAL SYMBOLS: SORTED ALPHABETICALLY BY Name 

address    name
--------   ----
80007c80   C$$EXIT
80007ab8   C$$IO$$
80005494   ConfigureIntGPIO
800021e8   ExcCombineAdd
800021b8   ExcCombineRemove
800021a0   ExcGlobalEnable
800054ec   GPIO0_6_Isr
8000550c   GPIO6_1_Isr
80003718   GPIOBankIntDisable
80003700   GPIOBankIntEnable
800053ac   GPIOBankPinInit
800036c0   GPIOBankPinsWrite
80003690   GPIODirModeGet
80003634   GPIODirModeSet
800035f0   GPIOIntTypeGet
80003554   GPIOIntTypeSet
80003530   GPIOPinIntClear
80003500   GPIOPinIntStatus
800034cc   GPIOPinRead
80003480   GPIOPinWrite
80006fc0   HOSTclose
80005fa0   HOSTlseek
800063a0   HOSTopen
800069c0   HOSTread
80005540   HOSTrename
80006a80   HOSTunlink
80006b40   HOSTwrite
8000214c   IntDSPINTCInit
80002128   IntDisable
80001f50   IntEnable
80002108   IntEventClear
800020c8   IntEventCombineAdd
80001f74   IntEventCombineInit
80001f40   IntEventCombineRegister
80001f00   IntEventCombineRemove
80001ea8   IntEventMap
80001e88   IntEventSet
80001e34   IntGlobalDisable
80001e78   IntGlobalEnable
80001e48   IntGlobalRestore
80001e68   IntRegister
80001e50   IntReset
80001e18   IntUnRegister
80005484   SetupInt
800094c0   __CIOBUF_
80009678   __TI_CINIT_Base
80009688   __TI_CINIT_Limit
80009664   __TI_Handler_Table_Base
80009670   __TI_Handler_Table_Limit
UNDEFED    __TI_INITARRAY_Base
UNDEFED    __TI_INITARRAY_Limit
800084e0   __TI_STACK_END
00000800   __TI_STACK_SIZE
00000000   __TI_STATIC_BASE
00000800   __TI_SYSMEM_SIZE
UNDEFED    __TI_TLS_INIT_Base
UNDEFED    __TI_TLS_INIT_Limit
00000001   __TI_args_main
80007940   __TI_cpp_init
80007ca0   __TI_decompress_none
80007cc0   __TI_decompress_rle24
80009368   __TI_enable_exit_profile_output
ffffffff   __TI_pprof_out_hndl
ffffffff   __TI_prof_data_size
ffffffff   __TI_prof_data_start
80006f00   __TI_tls_init
80006640   __TI_zero_init
ffffffff   __binit__
80001760   __c6xabi_divd
80006c00   __c6xabi_divu
80005200   __c6xabi_divul
80003f00   __c6xabi_divull
80007ac0   __c6xabi_frcmpyd_div
80007b00   __c6xabi_isinf
80007740   __c6xabi_llshl
80007b80   __c6xabi_llshru
80007c00   __c6xabi_negll
ffffffff   __c_args__
80006c00   __divu
80007bc0   _args_main
800060a0   _auto_init_elf
80001068   _c674x_mask_int10_isr
80000f3c   _c674x_mask_int11_isr
80000e10   _c674x_mask_int12_isr
80000ce4   _c674x_mask_int13_isr
80000bb8   _c674x_mask_int14_isr
80000a8c   _c674x_mask_int15_isr
80000960   _c674x_mask_int4_isr
80000834   _c674x_mask_int5_isr
80000708   _c674x_mask_int6_isr
800005dc   _c674x_mask_int7_isr
800004b0   _c674x_mask_int8_isr
80000384   _c674x_mask_int9_isr
80000258   _c674x_nmi_isr
8000012c   _c674x_rsvd_int2_isr
80000000   _c674x_rsvd_int3_isr
800077c0   _c_int00
80007060   _cleanup
80009360   _cleanup_ptr
80005c40   _closefile
80009388   _ctypes_
80006d80   _doflush
80009364   _dtors_ptr
80009380   _ft_end
80009068   _ftable
80004c00   _intcVectorTable
80009378   _lock
80007240   _minit
80007c20   _nop
80002220   _printfi
80007ce0   _stack
800079a0   _subcull
800084e0   _sys_memory
80008f20   _tmpnams
8000937c   _unlock
800061a0   _wrt_ok
80007c80   abort
80006480   atoi
ffffffff   binit
80006560   close
800062a0   copy_in
80006e40   exit
80004820   fputc
80002ae0   fputs
80003c80   free
80005e80   fseek
80007420   lseek
80006720   ltoa
800053a0   main
80005840   malloc
80007a00   memccpy
800074c0   memcpy
80006800   memset
800068e0   printf
80007840   readmsg
800078c0   remove
80005000   setvbuf
800078c0   unlink
800076a0   write
80007a60   writemsg


GLOBAL SYMBOLS: SORTED BY Symbol Address 

address    name
--------   ----
00000000   __TI_STATIC_BASE
00000001   __TI_args_main
00000800   __TI_STACK_SIZE
00000800   __TI_SYSMEM_SIZE
80000000   _c674x_rsvd_int3_isr
8000012c   _c674x_rsvd_int2_isr
80000258   _c674x_nmi_isr
80000384   _c674x_mask_int9_isr
800004b0   _c674x_mask_int8_isr
800005dc   _c674x_mask_int7_isr
80000708   _c674x_mask_int6_isr
80000834   _c674x_mask_int5_isr
80000960   _c674x_mask_int4_isr
80000a8c   _c674x_mask_int15_isr
80000bb8   _c674x_mask_int14_isr
80000ce4   _c674x_mask_int13_isr
80000e10   _c674x_mask_int12_isr
80000f3c   _c674x_mask_int11_isr
80001068   _c674x_mask_int10_isr
80001760   __c6xabi_divd
80001e18   IntUnRegister
80001e34   IntGlobalDisable
80001e48   IntGlobalRestore
80001e50   IntReset
80001e68   IntRegister
80001e78   IntGlobalEnable
80001e88   IntEventSet
80001ea8   IntEventMap
80001f00   IntEventCombineRemove
80001f40   IntEventCombineRegister
80001f50   IntEnable
80001f74   IntEventCombineInit
800020c8   IntEventCombineAdd
80002108   IntEventClear
80002128   IntDisable
8000214c   IntDSPINTCInit
800021a0   ExcGlobalEnable
800021b8   ExcCombineRemove
800021e8   ExcCombineAdd
80002220   _printfi
80002ae0   fputs
80003480   GPIOPinWrite
800034cc   GPIOPinRead
80003500   GPIOPinIntStatus
80003530   GPIOPinIntClear
80003554   GPIOIntTypeSet
800035f0   GPIOIntTypeGet
80003634   GPIODirModeSet
80003690   GPIODirModeGet
800036c0   GPIOBankPinsWrite
80003700   GPIOBankIntEnable
80003718   GPIOBankIntDisable
80003c80   free
80003f00   __c6xabi_divull
80004820   fputc
80004c00   _intcVectorTable
80005000   setvbuf
80005200   __c6xabi_divul
800053a0   main
800053ac   GPIOBankPinInit
80005484   SetupInt
80005494   ConfigureIntGPIO
800054ec   GPIO0_6_Isr
8000550c   GPIO6_1_Isr
80005540   HOSTrename
80005840   malloc
80005c40   _closefile
80005e80   fseek
80005fa0   HOSTlseek
800060a0   _auto_init_elf
800061a0   _wrt_ok
800062a0   copy_in
800063a0   HOSTopen
80006480   atoi
80006560   close
80006640   __TI_zero_init
80006720   ltoa
80006800   memset
800068e0   printf
800069c0   HOSTread
80006a80   HOSTunlink
80006b40   HOSTwrite
80006c00   __c6xabi_divu
80006c00   __divu
80006d80   _doflush
80006e40   exit
80006f00   __TI_tls_init
80006fc0   HOSTclose
80007060   _cleanup
80007240   _minit
80007420   lseek
800074c0   memcpy
800076a0   write
80007740   __c6xabi_llshl
800077c0   _c_int00
80007840   readmsg
800078c0   remove
800078c0   unlink
80007940   __TI_cpp_init
800079a0   _subcull
80007a00   memccpy
80007a60   writemsg
80007ab8   C$$IO$$
80007ac0   __c6xabi_frcmpyd_div
80007b00   __c6xabi_isinf
80007b80   __c6xabi_llshru
80007bc0   _args_main
80007c00   __c6xabi_negll
80007c20   _nop
80007c80   C$$EXIT
80007c80   abort
80007ca0   __TI_decompress_none
80007cc0   __TI_decompress_rle24
80007ce0   _stack
800084e0   __TI_STACK_END
800084e0   _sys_memory
80008f20   _tmpnams
80009068   _ftable
80009360   _cleanup_ptr
80009364   _dtors_ptr
80009368   __TI_enable_exit_profile_output
80009378   _lock
8000937c   _unlock
80009380   _ft_end
80009388   _ctypes_
800094c0   __CIOBUF_
80009664   __TI_Handler_Table_Base
80009670   __TI_Handler_Table_Limit
80009678   __TI_CINIT_Base
80009688   __TI_CINIT_Limit
ffffffff   __TI_pprof_out_hndl
ffffffff   __TI_prof_data_size
ffffffff   __TI_prof_data_start
ffffffff   __binit__
ffffffff   __c_args__
ffffffff   binit
UNDEFED    __TI_INITARRAY_Base
UNDEFED    __TI_INITARRAY_Limit
UNDEFED    __TI_TLS_INIT_Base
UNDEFED    __TI_TLS_INIT_Limit

[140 symbols]
